2026-07-02 22:08:19 | INFO     | modules.ingestion.loader | Membaca dataset: data_kejadian.xlsx
2026-07-02 22:08:23 | INFO     | modules.ingestion.loader | Dataset dimuat: 73 baris, 36 kolom
2026-07-02 22:08:23 | WARNING  | modules.ingestion.validator | Kolom hilang dari RAW_COLUMN_MAP: ['Desa', 'Jenis Bencana', 'Kebutuhan', 'Kecamatan', 'Kerugian', 'Keterangan Dampak Lainnya', 'Kode Klasifikasi', 'Korban Jiwa', 'Kronologi', 'Latitude', 'Longitude', 'NIP', 'Nama Petugas', 'Nomor Laporan', 'Nomor Surat Laporan', 'Penyebab', 'Personil Terlibat', 'RT', 'RW', 'Rumah Rusak', 'Tanggal Kejadian', 'Tanggal Pelaporan', 'Upaya Penanganan', 'Upload Foto/Video', 'Waktu Kejadian', 'Waktu Pelaporan']
2026-07-02 22:08:23 | INFO     | modules.ingestion.validator | Kolom di dataset tapi belum dipetakan: ['DESA/KELURAHAN ', 'FASILITAS UMUM TERDAMPAK ', 'JENIS BENCANA / KEJADIAN ', 'Jumlah Pengungsi / Terdampak \n(orang/kk)  Jika tidak ada disi ( - ) / Nihil ', 'KECAMATAN', 'KERUSAKAN MATERIAL ( Estimasi Dalam Rupiah  )', 'KETERANGAN DAMPAK LAINNYA\n( Akses Jalan Terputus, Akses Jalan Tertutup dan dampak Lainnya yang bersifat sementara ) ', 'KETERANGAN KERUSAKAN FASUM \n( diisi dengan jumlah unit yang rusak, nama infrastruktur yang rusak dan Rincinan kerusakan ) \nContoh : 2 unit bangunan Pasar Pringgondani P : 3 m L : 3 m dst.', 'KODE KLASIFIKASI KEJADIAN ', 'KONDISI TERKINI ', 'KOORDINAT LOKASI KEJADIAN', 'KORBAN DALAM PENCARIAN  \nket. Jumlah_Rincian Nama \n( Jika tidak ada disi ( - ) / Nihil ) ', 'KORBAN MENINGGAL \nket. Jumlah_Rincinan Nama \nJika tidak ada disi ( - ) / Nihil ', 'KRONOLOGI KEJADIAN ', 'Kebutuhan Mendesak ( Makanan, Air Bersih,Tenda / Hunian Sementara, Obat / Pelayanan Kesehatan, Tim SAR, Logistik & Peralatan, Transportasi ) ', 'Kendala / Hambatan  di Lapangan ', 'LUKA BERAT / RINGAN / SEDANG \nKet. Luka Berat_Angka dst. \nJika tidak ada disi ( - ) / Nihil ', 'NAMA PETUGAS BPBD', 'NIP/NOMOR IDENTITAS ', 'NOMOR SURAT LAPORAN KEJADIAN', 'PENYEBAB KEJADIAN (  gabungan antara ancaman (hazard), yaitu fenomena fisik atau aktivitas yang berpotensi merusak, dan kerentanan (vulnerability), yaitu kondisi yang membuat individu, komunitas, atau aset rentan terhadap dampak ancaman tersebut.  ) ', 'PERSONIL TERLIBAT', 'RENCANA TINDAK LANJUT', 'RT/RW/DUSUN', 'RUMAH RUSAK BERAT  ( Jumlah dan Nama ) ', 'RUMAH RUSAK RINGAN  ( Jumlah dan Nama ) ', 'RUMAH RUSAK SEDANG  ( Jumlah dan Nama ) ', 'SUMBER INFORMASI Personal ( Nama - Pekerjaan/Alamat ) / Visual Petugas/ Media sosial / sensor ( ews )', 'Status Penanganan Saat Ini ', 'TANGGAL KEJADIAN', 'TANGGAL PELAPORAN', 'UPAYA YANG TELAH DILAKSANAKAN', 'Upload Foto / Video Kejadian ', 'WAKTU KEJADIAN', 'WAKTU PELAPORAN KEJADIAN']
2026-07-02 22:08:23 | WARNING  | __main__ | Sebagian kolom di RAW_COLUMN_MAP tidak ditemukan di dataset. Verifikasi config/constants.py sebelum melanjutkan.
2026-07-02 22:08:23 | INFO     | modules.ingestion.validator | Profil dataset: 73 baris, 36 kolom, dtype={'object': 32, 'datetime64[ns]': 3, 'float64': 1}
2026-07-02 22:08:23 | INFO     | modules.quality.report | Memulai Data Quality Assessment
2026-07-02 22:08:23 | INFO     | modules.quality.missing | Missing value: 4 kolom terdampak, 4 dianggap bermasalah
2026-07-02 22:08:23 | INFO     | modules.quality.duplicate | Duplikasi baris penuh: 0 baris
2026-07-02 22:08:23 | WARNING  | modules.quality.duplicate | Kolom kunci 'nomor_surat_laporan' tidak ditemukan, dilewati
2026-07-02 22:08:23 | WARNING  | modules.quality.consistency | Kolom kategorikal 'kecamatan' tidak ditemukan, dilewati
2026-07-02 22:08:23 | WARNING  | modules.quality.consistency | Kolom kategorikal 'desa' tidak ditemukan, dilewati
2026-07-02 22:08:23 | WARNING  | modules.quality.consistency | Kolom kategorikal 'jenis_bencana' tidak ditemukan, dilewati
2026-07-02 22:08:23 | WARNING  | modules.quality.consistency | Kolom kategorikal 'penyebab' tidak ditemukan, dilewati
2026-07-02 22:08:23 | WARNING  | modules.quality.coordinate | Kolom latitude/longitude tidak ditemukan
2026-07-02 22:08:23 | INFO     | modules.quality.report | Data Quality Score: 48.56/100
2026-07-02 22:08:23 | INFO     | modules.quality.report | Data Quality Report disimpan: E:\PROJECT\BPBD\data_analytics\outputs\reports\data_quality_report.json
2026-07-02 22:08:23 | INFO     | __main__ | Pipeline selesai sampai Tahap 2 (Data Quality Assessment)
2026-07-02 22:13:00 | INFO     | modules.ingestion.loader | Membaca dataset: data_kejadian.xlsx
2026-07-02 22:13:01 | INFO     | modules.ingestion.loader | Dataset dimuat: 73 baris, 36 kolom
2026-07-02 22:13:01 | WARNING  | modules.ingestion.validator | Kolom hilang dari RAW_COLUMN_MAP: ['Desa', 'Jenis Bencana', 'Kebutuhan', 'Kecamatan', 'Kerugian', 'Keterangan Dampak Lainnya', 'Kode Klasifikasi', 'Korban Jiwa', 'Kronologi', 'Latitude', 'Longitude', 'NIP', 'Nama Petugas', 'Nomor Laporan', 'Nomor Surat Laporan', 'Penyebab', 'Personil Terlibat', 'RT', 'RW', 'Rumah Rusak', 'Tanggal Kejadian', 'Tanggal Pelaporan', 'Upaya Penanganan', 'Upload Foto/Video', 'Waktu Kejadian', 'Waktu Pelaporan']
2026-07-02 22:13:01 | INFO     | modules.ingestion.validator | Kolom di dataset tapi belum dipetakan: ['DESA/KELURAHAN ', 'FASILITAS UMUM TERDAMPAK ', 'JENIS BENCANA / KEJADIAN ', 'Jumlah Pengungsi / Terdampak \n(orang/kk)  Jika tidak ada disi ( - ) / Nihil ', 'KECAMATAN', 'KERUSAKAN MATERIAL ( Estimasi Dalam Rupiah  )', 'KETERANGAN DAMPAK LAINNYA\n( Akses Jalan Terputus, Akses Jalan Tertutup dan dampak Lainnya yang bersifat sementara ) ', 'KETERANGAN KERUSAKAN FASUM \n( diisi dengan jumlah unit yang rusak, nama infrastruktur yang rusak dan Rincinan kerusakan ) \nContoh : 2 unit bangunan Pasar Pringgondani P : 3 m L : 3 m dst.', 'KODE KLASIFIKASI KEJADIAN ', 'KONDISI TERKINI ', 'KOORDINAT LOKASI KEJADIAN', 'KORBAN DALAM PENCARIAN  \nket. Jumlah_Rincian Nama \n( Jika tidak ada disi ( - ) / Nihil ) ', 'KORBAN MENINGGAL \nket. Jumlah_Rincinan Nama \nJika tidak ada disi ( - ) / Nihil ', 'KRONOLOGI KEJADIAN ', 'Kebutuhan Mendesak ( Makanan, Air Bersih,Tenda / Hunian Sementara, Obat / Pelayanan Kesehatan, Tim SAR, Logistik & Peralatan, Transportasi ) ', 'Kendala / Hambatan  di Lapangan ', 'LUKA BERAT / RINGAN / SEDANG \nKet. Luka Berat_Angka dst. \nJika tidak ada disi ( - ) / Nihil ', 'NAMA PETUGAS BPBD', 'NIP/NOMOR IDENTITAS ', 'NOMOR SURAT LAPORAN KEJADIAN', 'PENYEBAB KEJADIAN (  gabungan antara ancaman (hazard), yaitu fenomena fisik atau aktivitas yang berpotensi merusak, dan kerentanan (vulnerability), yaitu kondisi yang membuat individu, komunitas, atau aset rentan terhadap dampak ancaman tersebut.  ) ', 'PERSONIL TERLIBAT', 'RENCANA TINDAK LANJUT', 'RT/RW/DUSUN', 'RUMAH RUSAK BERAT  ( Jumlah dan Nama ) ', 'RUMAH RUSAK RINGAN  ( Jumlah dan Nama ) ', 'RUMAH RUSAK SEDANG  ( Jumlah dan Nama ) ', 'SUMBER INFORMASI Personal ( Nama - Pekerjaan/Alamat ) / Visual Petugas/ Media sosial / sensor ( ews )', 'Status Penanganan Saat Ini ', 'TANGGAL KEJADIAN', 'TANGGAL PELAPORAN', 'UPAYA YANG TELAH DILAKSANAKAN', 'Upload Foto / Video Kejadian ', 'WAKTU KEJADIAN', 'WAKTU PELAPORAN KEJADIAN']
2026-07-02 22:13:01 | WARNING  | __main__ | Sebagian kolom di RAW_COLUMN_MAP tidak ditemukan di dataset. Verifikasi config/constants.py sebelum melanjutkan.
2026-07-02 22:13:01 | INFO     | modules.ingestion.validator | Profil dataset: 73 baris, 36 kolom, dtype={'object': 32, 'datetime64[ns]': 3, 'float64': 1}
2026-07-02 22:13:01 | INFO     | modules.quality.report | Memulai Data Quality Assessment
2026-07-02 22:13:01 | INFO     | modules.quality.missing | Missing value: 4 kolom terdampak, 4 dianggap bermasalah
2026-07-02 22:13:01 | INFO     | modules.quality.duplicate | Duplikasi baris penuh: 0 baris
2026-07-02 22:13:01 | WARNING  | modules.quality.duplicate | Kolom kunci 'nomor_surat_laporan' tidak ditemukan, dilewati
2026-07-02 22:13:01 | WARNING  | modules.quality.consistency | Kolom kategorikal 'kecamatan' tidak ditemukan, dilewati
2026-07-02 22:13:01 | WARNING  | modules.quality.consistency | Kolom kategorikal 'desa' tidak ditemukan, dilewati
2026-07-02 22:13:01 | WARNING  | modules.quality.consistency | Kolom kategorikal 'jenis_bencana' tidak ditemukan, dilewati
2026-07-02 22:13:01 | WARNING  | modules.quality.consistency | Kolom kategorikal 'penyebab' tidak ditemukan, dilewati
2026-07-02 22:13:01 | WARNING  | modules.quality.coordinate | Kolom latitude/longitude tidak ditemukan
2026-07-02 22:13:01 | INFO     | modules.quality.report | Data Quality Score: 48.56/100
2026-07-02 22:13:01 | INFO     | modules.quality.report | Data Quality Report disimpan: E:\PROJECT\BPBD\data_analytics\outputs\reports\data_quality_report.json
2026-07-02 22:13:01 | INFO     | __main__ | Pipeline selesai sampai Tahap 2 (Data Quality Assessment)
2026-07-02 22:35:43 | INFO     | modules.ingestion.loader | Membaca dataset: data_kejadian.xlsx
2026-07-02 22:35:46 | INFO     | modules.ingestion.loader | Dataset dimuat: 73 baris, 36 kolom
2026-07-02 22:35:46 | WARNING  | modules.ingestion.validator | Kolom hilang dari RAW_COLUMN_MAP: ['Desa', 'Jenis Bencana', 'Kebutuhan', 'Kecamatan', 'Kerugian', 'Keterangan Dampak Lainnya', 'Kode Klasifikasi', 'Korban Jiwa', 'Kronologi', 'Latitude', 'Longitude', 'NIP', 'Nama Petugas', 'Nomor Laporan', 'Nomor Surat Laporan', 'Penyebab', 'Personil Terlibat', 'RT', 'RW', 'Rumah Rusak', 'Tanggal Kejadian', 'Tanggal Pelaporan', 'Upaya Penanganan', 'Upload Foto/Video', 'Waktu Kejadian', 'Waktu Pelaporan']
2026-07-02 22:35:46 | INFO     | modules.ingestion.validator | Kolom di dataset tapi belum dipetakan: ['DESA/KELURAHAN ', 'FASILITAS UMUM TERDAMPAK ', 'JENIS BENCANA / KEJADIAN ', 'Jumlah Pengungsi / Terdampak \n(orang/kk)  Jika tidak ada disi ( - ) / Nihil ', 'KECAMATAN', 'KERUSAKAN MATERIAL ( Estimasi Dalam Rupiah  )', 'KETERANGAN DAMPAK LAINNYA\n( Akses Jalan Terputus, Akses Jalan Tertutup dan dampak Lainnya yang bersifat sementara ) ', 'KETERANGAN KERUSAKAN FASUM \n( diisi dengan jumlah unit yang rusak, nama infrastruktur yang rusak dan Rincinan kerusakan ) \nContoh : 2 unit bangunan Pasar Pringgondani P : 3 m L : 3 m dst.', 'KODE KLASIFIKASI KEJADIAN ', 'KONDISI TERKINI ', 'KOORDINAT LOKASI KEJADIAN', 'KORBAN DALAM PENCARIAN  \nket. Jumlah_Rincian Nama \n( Jika tidak ada disi ( - ) / Nihil ) ', 'KORBAN MENINGGAL \nket. Jumlah_Rincinan Nama \nJika tidak ada disi ( - ) / Nihil ', 'KRONOLOGI KEJADIAN ', 'Kebutuhan Mendesak ( Makanan, Air Bersih,Tenda / Hunian Sementara, Obat / Pelayanan Kesehatan, Tim SAR, Logistik & Peralatan, Transportasi ) ', 'Kendala / Hambatan  di Lapangan ', 'LUKA BERAT / RINGAN / SEDANG \nKet. Luka Berat_Angka dst. \nJika tidak ada disi ( - ) / Nihil ', 'NAMA PETUGAS BPBD', 'NIP/NOMOR IDENTITAS ', 'NOMOR SURAT LAPORAN KEJADIAN', 'PENYEBAB KEJADIAN (  gabungan antara ancaman (hazard), yaitu fenomena fisik atau aktivitas yang berpotensi merusak, dan kerentanan (vulnerability), yaitu kondisi yang membuat individu, komunitas, atau aset rentan terhadap dampak ancaman tersebut.  ) ', 'PERSONIL TERLIBAT', 'RENCANA TINDAK LANJUT', 'RT/RW/DUSUN', 'RUMAH RUSAK BERAT  ( Jumlah dan Nama ) ', 'RUMAH RUSAK RINGAN  ( Jumlah dan Nama ) ', 'RUMAH RUSAK SEDANG  ( Jumlah dan Nama ) ', 'SUMBER INFORMASI Personal ( Nama - Pekerjaan/Alamat ) / Visual Petugas/ Media sosial / sensor ( ews )', 'Status Penanganan Saat Ini ', 'TANGGAL KEJADIAN', 'TANGGAL PELAPORAN', 'UPAYA YANG TELAH DILAKSANAKAN', 'Upload Foto / Video Kejadian ', 'WAKTU KEJADIAN', 'WAKTU PELAPORAN KEJADIAN']
2026-07-02 22:35:46 | WARNING  | __main__ | Sebagian kolom di RAW_COLUMN_MAP tidak ditemukan di dataset. Verifikasi config/constants.py sebelum melanjutkan.
2026-07-02 22:35:47 | INFO     | modules.ingestion.validator | Profil dataset: 73 baris, 36 kolom, dtype={'object': 32, 'datetime64[ns]': 3, 'float64': 1}
2026-07-02 22:35:47 | INFO     | modules.quality.report | Memulai Data Quality Assessment
2026-07-02 22:35:47 | INFO     | modules.quality.missing | Missing value: 4 kolom terdampak, 4 dianggap bermasalah
2026-07-02 22:35:47 | INFO     | modules.quality.duplicate | Duplikasi baris penuh: 0 baris
2026-07-02 22:35:47 | WARNING  | modules.quality.duplicate | Kolom kunci 'nomor_surat_laporan' tidak ditemukan, dilewati
2026-07-02 22:35:47 | WARNING  | modules.quality.consistency | Kolom kategorikal 'kecamatan' tidak ditemukan, dilewati
2026-07-02 22:35:47 | WARNING  | modules.quality.consistency | Kolom kategorikal 'desa' tidak ditemukan, dilewati
2026-07-02 22:35:47 | WARNING  | modules.quality.consistency | Kolom kategorikal 'jenis_bencana' tidak ditemukan, dilewati
2026-07-02 22:35:47 | WARNING  | modules.quality.consistency | Kolom kategorikal 'penyebab' tidak ditemukan, dilewati
2026-07-02 22:35:47 | WARNING  | modules.quality.coordinate | Kolom latitude/longitude tidak ditemukan
2026-07-02 22:35:47 | INFO     | modules.quality.report | Data Quality Score: 48.56/100
2026-07-02 22:35:47 | INFO     | modules.quality.report | Data Quality Report disimpan: E:\PROJECT\BPBD\data_analytics\outputs\reports\data_quality_report.json
2026-07-02 22:35:47 | INFO     | __main__ | Pipeline selesai sampai Tahap 2 (Data Quality Assessment)
2026-07-02 22:35:52 | INFO     | modules.ingestion.loader | Membaca dataset: data_kejadian.xlsx
2026-07-02 22:35:52 | INFO     | modules.ingestion.loader | Dataset dimuat: 73 baris, 36 kolom
2026-07-02 22:35:52 | WARNING  | modules.ingestion.validator | Kolom hilang dari RAW_COLUMN_MAP: ['Desa', 'Jenis Bencana', 'Kebutuhan', 'Kecamatan', 'Kerugian', 'Keterangan Dampak Lainnya', 'Kode Klasifikasi', 'Korban Jiwa', 'Kronologi', 'Latitude', 'Longitude', 'NIP', 'Nama Petugas', 'Nomor Laporan', 'Nomor Surat Laporan', 'Penyebab', 'Personil Terlibat', 'RT', 'RW', 'Rumah Rusak', 'Tanggal Kejadian', 'Tanggal Pelaporan', 'Upaya Penanganan', 'Upload Foto/Video', 'Waktu Kejadian', 'Waktu Pelaporan']
2026-07-02 22:35:52 | INFO     | modules.ingestion.validator | Kolom di dataset tapi belum dipetakan: ['DESA/KELURAHAN ', 'FASILITAS UMUM TERDAMPAK ', 'JENIS BENCANA / KEJADIAN ', 'Jumlah Pengungsi / Terdampak \n(orang/kk)  Jika tidak ada disi ( - ) / Nihil ', 'KECAMATAN', 'KERUSAKAN MATERIAL ( Estimasi Dalam Rupiah  )', 'KETERANGAN DAMPAK LAINNYA\n( Akses Jalan Terputus, Akses Jalan Tertutup dan dampak Lainnya yang bersifat sementara ) ', 'KETERANGAN KERUSAKAN FASUM \n( diisi dengan jumlah unit yang rusak, nama infrastruktur yang rusak dan Rincinan kerusakan ) \nContoh : 2 unit bangunan Pasar Pringgondani P : 3 m L : 3 m dst.', 'KODE KLASIFIKASI KEJADIAN ', 'KONDISI TERKINI ', 'KOORDINAT LOKASI KEJADIAN', 'KORBAN DALAM PENCARIAN  \nket. Jumlah_Rincian Nama \n( Jika tidak ada disi ( - ) / Nihil ) ', 'KORBAN MENINGGAL \nket. Jumlah_Rincinan Nama \nJika tidak ada disi ( - ) / Nihil ', 'KRONOLOGI KEJADIAN ', 'Kebutuhan Mendesak ( Makanan, Air Bersih,Tenda / Hunian Sementara, Obat / Pelayanan Kesehatan, Tim SAR, Logistik & Peralatan, Transportasi ) ', 'Kendala / Hambatan  di Lapangan ', 'LUKA BERAT / RINGAN / SEDANG \nKet. Luka Berat_Angka dst. \nJika tidak ada disi ( - ) / Nihil ', 'NAMA PETUGAS BPBD', 'NIP/NOMOR IDENTITAS ', 'NOMOR SURAT LAPORAN KEJADIAN', 'PENYEBAB KEJADIAN (  gabungan antara ancaman (hazard), yaitu fenomena fisik atau aktivitas yang berpotensi merusak, dan kerentanan (vulnerability), yaitu kondisi yang membuat individu, komunitas, atau aset rentan terhadap dampak ancaman tersebut.  ) ', 'PERSONIL TERLIBAT', 'RENCANA TINDAK LANJUT', 'RT/RW/DUSUN', 'RUMAH RUSAK BERAT  ( Jumlah dan Nama ) ', 'RUMAH RUSAK RINGAN  ( Jumlah dan Nama ) ', 'RUMAH RUSAK SEDANG  ( Jumlah dan Nama ) ', 'SUMBER INFORMASI Personal ( Nama - Pekerjaan/Alamat ) / Visual Petugas/ Media sosial / sensor ( ews )', 'Status Penanganan Saat Ini ', 'TANGGAL KEJADIAN', 'TANGGAL PELAPORAN', 'UPAYA YANG TELAH DILAKSANAKAN', 'Upload Foto / Video Kejadian ', 'WAKTU KEJADIAN', 'WAKTU PELAPORAN KEJADIAN']
2026-07-02 22:35:52 | WARNING  | __main__ | Sebagian kolom di RAW_COLUMN_MAP tidak ditemukan di dataset. Verifikasi config/constants.py sebelum melanjutkan.
2026-07-02 22:35:52 | INFO     | modules.ingestion.validator | Profil dataset: 73 baris, 36 kolom, dtype={'object': 32, 'datetime64[ns]': 3, 'float64': 1}
2026-07-02 22:35:52 | INFO     | modules.quality.report | Memulai Data Quality Assessment
2026-07-02 22:35:52 | INFO     | modules.quality.missing | Missing value: 4 kolom terdampak, 4 dianggap bermasalah
2026-07-02 22:35:52 | INFO     | modules.quality.duplicate | Duplikasi baris penuh: 0 baris
2026-07-02 22:35:52 | WARNING  | modules.quality.duplicate | Kolom kunci 'nomor_surat_laporan' tidak ditemukan, dilewati
2026-07-02 22:35:52 | WARNING  | modules.quality.consistency | Kolom kategorikal 'kecamatan' tidak ditemukan, dilewati
2026-07-02 22:35:52 | WARNING  | modules.quality.consistency | Kolom kategorikal 'desa' tidak ditemukan, dilewati
2026-07-02 22:35:52 | WARNING  | modules.quality.consistency | Kolom kategorikal 'jenis_bencana' tidak ditemukan, dilewati
2026-07-02 22:35:52 | WARNING  | modules.quality.consistency | Kolom kategorikal 'penyebab' tidak ditemukan, dilewati
2026-07-02 22:35:52 | WARNING  | modules.quality.coordinate | Kolom latitude/longitude tidak ditemukan
2026-07-02 22:35:52 | INFO     | modules.quality.report | Data Quality Score: 48.56/100
2026-07-02 22:35:52 | INFO     | modules.quality.report | Data Quality Report disimpan: E:\PROJECT\BPBD\data_analytics\outputs\reports\data_quality_report.json
2026-07-02 22:35:52 | INFO     | __main__ | Pipeline selesai sampai Tahap 2 (Data Quality Assessment)
2026-07-02 22:36:44 | INFO     | modules.ingestion.loader | Membaca dataset: data_kejadian.xlsx
2026-07-02 22:36:45 | INFO     | modules.ingestion.loader | Dataset dimuat: 73 baris, 36 kolom
2026-07-02 22:36:45 | WARNING  | modules.ingestion.validator | Kolom hilang dari RAW_COLUMN_MAP: ['Desa', 'Jenis Bencana', 'Kebutuhan', 'Kecamatan', 'Kerugian', 'Keterangan Dampak Lainnya', 'Kode Klasifikasi', 'Korban Jiwa', 'Kronologi', 'Latitude', 'Longitude', 'NIP', 'Nama Petugas', 'Nomor Laporan', 'Nomor Surat Laporan', 'Penyebab', 'Personil Terlibat', 'RT', 'RW', 'Rumah Rusak', 'Tanggal Kejadian', 'Tanggal Pelaporan', 'Upaya Penanganan', 'Upload Foto/Video', 'Waktu Kejadian', 'Waktu Pelaporan']
2026-07-02 22:36:45 | INFO     | modules.ingestion.validator | Kolom di dataset tapi belum dipetakan: ['DESA/KELURAHAN ', 'FASILITAS UMUM TERDAMPAK ', 'JENIS BENCANA / KEJADIAN ', 'Jumlah Pengungsi / Terdampak \n(orang/kk)  Jika tidak ada disi ( - ) / Nihil ', 'KECAMATAN', 'KERUSAKAN MATERIAL ( Estimasi Dalam Rupiah  )', 'KETERANGAN DAMPAK LAINNYA\n( Akses Jalan Terputus, Akses Jalan Tertutup dan dampak Lainnya yang bersifat sementara ) ', 'KETERANGAN KERUSAKAN FASUM \n( diisi dengan jumlah unit yang rusak, nama infrastruktur yang rusak dan Rincinan kerusakan ) \nContoh : 2 unit bangunan Pasar Pringgondani P : 3 m L : 3 m dst.', 'KODE KLASIFIKASI KEJADIAN ', 'KONDISI TERKINI ', 'KOORDINAT LOKASI KEJADIAN', 'KORBAN DALAM PENCARIAN  \nket. Jumlah_Rincian Nama \n( Jika tidak ada disi ( - ) / Nihil ) ', 'KORBAN MENINGGAL \nket. Jumlah_Rincinan Nama \nJika tidak ada disi ( - ) / Nihil ', 'KRONOLOGI KEJADIAN ', 'Kebutuhan Mendesak ( Makanan, Air Bersih,Tenda / Hunian Sementara, Obat / Pelayanan Kesehatan, Tim SAR, Logistik & Peralatan, Transportasi ) ', 'Kendala / Hambatan  di Lapangan ', 'LUKA BERAT / RINGAN / SEDANG \nKet. Luka Berat_Angka dst. \nJika tidak ada disi ( - ) / Nihil ', 'NAMA PETUGAS BPBD', 'NIP/NOMOR IDENTITAS ', 'NOMOR SURAT LAPORAN KEJADIAN', 'PENYEBAB KEJADIAN (  gabungan antara ancaman (hazard), yaitu fenomena fisik atau aktivitas yang berpotensi merusak, dan kerentanan (vulnerability), yaitu kondisi yang membuat individu, komunitas, atau aset rentan terhadap dampak ancaman tersebut.  ) ', 'PERSONIL TERLIBAT', 'RENCANA TINDAK LANJUT', 'RT/RW/DUSUN', 'RUMAH RUSAK BERAT  ( Jumlah dan Nama ) ', 'RUMAH RUSAK RINGAN  ( Jumlah dan Nama ) ', 'RUMAH RUSAK SEDANG  ( Jumlah dan Nama ) ', 'SUMBER INFORMASI Personal ( Nama - Pekerjaan/Alamat ) / Visual Petugas/ Media sosial / sensor ( ews )', 'Status Penanganan Saat Ini ', 'TANGGAL KEJADIAN', 'TANGGAL PELAPORAN', 'UPAYA YANG TELAH DILAKSANAKAN', 'Upload Foto / Video Kejadian ', 'WAKTU KEJADIAN', 'WAKTU PELAPORAN KEJADIAN']
2026-07-02 22:36:45 | WARNING  | __main__ | Sebagian kolom di RAW_COLUMN_MAP tidak ditemukan di dataset. Verifikasi config/constants.py sebelum melanjutkan.
2026-07-02 22:36:45 | INFO     | modules.ingestion.validator | Profil dataset: 73 baris, 36 kolom, dtype={'object': 32, 'datetime64[ns]': 3, 'float64': 1}
2026-07-02 22:36:45 | INFO     | modules.quality.report | Memulai Data Quality Assessment
2026-07-02 22:36:45 | INFO     | modules.quality.missing | Missing value: 4 kolom terdampak, 4 dianggap bermasalah
2026-07-02 22:36:45 | INFO     | modules.quality.duplicate | Duplikasi baris penuh: 0 baris
2026-07-02 22:36:45 | WARNING  | modules.quality.duplicate | Kolom kunci 'nomor_surat_laporan' tidak ditemukan, dilewati
2026-07-02 22:36:45 | WARNING  | modules.quality.consistency | Kolom kategorikal 'kecamatan' tidak ditemukan, dilewati
2026-07-02 22:36:45 | WARNING  | modules.quality.consistency | Kolom kategorikal 'desa' tidak ditemukan, dilewati
2026-07-02 22:36:45 | WARNING  | modules.quality.consistency | Kolom kategorikal 'jenis_bencana' tidak ditemukan, dilewati
2026-07-02 22:36:45 | WARNING  | modules.quality.consistency | Kolom kategorikal 'penyebab' tidak ditemukan, dilewati
2026-07-02 22:36:45 | WARNING  | modules.quality.coordinate | Kolom latitude/longitude tidak ditemukan
2026-07-02 22:36:45 | INFO     | modules.quality.report | Data Quality Score: 48.56/100
2026-07-02 22:36:45 | INFO     | modules.quality.report | Data Quality Report disimpan: E:\PROJECT\BPBD\data_analytics\outputs\reports\data_quality_report.json
2026-07-02 22:36:45 | INFO     | __main__ | Pipeline selesai sampai Tahap 2 (Data Quality Assessment)
2026-07-04 21:19:05 | INFO     | modules.quality.missing | Missing value: 1 kolom terdampak, 0 dianggap bermasalah
2026-07-04 21:23:29 | INFO     | modules.ingestion.loader | Membaca dataset: data_kejadian.xlsx
2026-07-04 21:23:30 | INFO     | modules.ingestion.loader | Dataset dimuat: 73 baris, 36 kolom
2026-07-04 21:48:43 | WARNING  | modules.ingestion.validator | Kolom hilang dari RAW_COLUMN_MAP: ['KERUSAKAN MATERIAL ( Estimasi Dalam Rupiah  )', 'KETERANGAN DAMPAK LAINNYA\n( Akses Jalan Terputus, Akses Jalan Tertutup dan dampak Lainnya yang bersifat sementara ) ', 'KONDISI TERKINI', 'Kendala / Hambatan  di Lapangan', 'SUMBER INFORMASI Personal']
2026-07-04 21:48:43 | INFO     | modules.ingestion.validator | Kolom di dataset tapi belum dipetakan: ['KERUSAKAN MATERIAL', 'KETERANGAN DAMPAK LAINNYA', 'KONDISI TERKINI ', 'Kendala / Hambatan  di Lapangan ', 'SUMBER INFORMASI']
2026-07-04 21:48:43 | WARNING  | main | Sebagian kolom di RAW_COLUMN_MAP tidak ditemukan di dataset. Verifikasi config/constants.py sebelum melanjutkan.
2026-07-04 21:48:43 | INFO     | modules.ingestion.validator | Profil dataset: 73 baris, 36 kolom, dtype={'object': 32, 'datetime64[ns]': 3, 'float64': 1}
2026-07-04 21:48:43 | INFO     | modules.quality.report | Memulai Data Quality Assessment
2026-07-04 21:48:43 | INFO     | modules.quality.missing | Missing value: 4 kolom terdampak, 4 dianggap bermasalah
2026-07-04 21:48:43 | INFO     | modules.quality.duplicate | Duplikasi baris penuh: 0 baris
2026-07-04 21:48:43 | WARNING  | modules.quality.consistency | Kolom 'desa': 10 grup nilai tidak konsisten
2026-07-04 21:48:43 | WARNING  | modules.quality.coordinate | Kolom latitude/longitude tidak ditemukan
2026-07-04 21:49:04 | WARNING  | modules.ingestion.validator | Kolom hilang dari RAW_COLUMN_MAP: ['KERUSAKAN MATERIAL ( Estimasi Dalam Rupiah  )', 'KETERANGAN DAMPAK LAINNYA\n( Akses Jalan Terputus, Akses Jalan Tertutup dan dampak Lainnya yang bersifat sementara ) ', 'KONDISI TERKINI', 'Kendala / Hambatan  di Lapangan', 'SUMBER INFORMASI Personal']
2026-07-04 21:49:04 | INFO     | modules.ingestion.validator | Kolom di dataset tapi belum dipetakan: ['KERUSAKAN MATERIAL', 'KETERANGAN DAMPAK LAINNYA', 'KONDISI TERKINI ', 'Kendala / Hambatan  di Lapangan ', 'SUMBER INFORMASI']
2026-07-04 21:49:04 | WARNING  | main | Sebagian kolom di RAW_COLUMN_MAP tidak ditemukan di dataset. Verifikasi config/constants.py sebelum melanjutkan.
2026-07-04 21:49:04 | INFO     | modules.ingestion.validator | Profil dataset: 73 baris, 36 kolom, dtype={'object': 32, 'datetime64[ns]': 3, 'float64': 1}
2026-07-04 21:49:04 | INFO     | modules.quality.report | Memulai Data Quality Assessment
2026-07-04 21:49:04 | INFO     | modules.quality.missing | Missing value: 4 kolom terdampak, 4 dianggap bermasalah
2026-07-04 21:49:04 | INFO     | modules.quality.duplicate | Duplikasi baris penuh: 0 baris
2026-07-04 21:49:04 | WARNING  | modules.quality.consistency | Kolom 'desa': 10 grup nilai tidak konsisten
2026-07-04 21:49:04 | WARNING  | modules.quality.coordinate | Kolom latitude/longitude tidak ditemukan
2026-07-04 21:49:34 | WARNING  | modules.ingestion.validator | Kolom hilang dari RAW_COLUMN_MAP: ['KERUSAKAN MATERIAL ( Estimasi Dalam Rupiah  )', 'KETERANGAN DAMPAK LAINNYA\n( Akses Jalan Terputus, Akses Jalan Tertutup dan dampak Lainnya yang bersifat sementara ) ', 'KONDISI TERKINI', 'Kendala / Hambatan  di Lapangan', 'SUMBER INFORMASI Personal']
2026-07-04 21:49:34 | INFO     | modules.ingestion.validator | Kolom di dataset tapi belum dipetakan: ['KERUSAKAN MATERIAL', 'KETERANGAN DAMPAK LAINNYA', 'KONDISI TERKINI ', 'Kendala / Hambatan  di Lapangan ', 'SUMBER INFORMASI']
2026-07-04 21:49:34 | WARNING  | main | Sebagian kolom di RAW_COLUMN_MAP tidak ditemukan di dataset. Verifikasi config/constants.py sebelum melanjutkan.
2026-07-04 21:49:34 | INFO     | modules.ingestion.validator | Profil dataset: 73 baris, 36 kolom, dtype={'object': 32, 'datetime64[ns]': 3, 'float64': 1}
2026-07-04 21:49:34 | INFO     | modules.quality.report | Memulai Data Quality Assessment
2026-07-04 21:49:34 | INFO     | modules.quality.missing | Missing value: 4 kolom terdampak, 4 dianggap bermasalah
2026-07-04 21:49:34 | INFO     | modules.quality.duplicate | Duplikasi baris penuh: 0 baris
2026-07-04 21:49:34 | WARNING  | modules.quality.consistency | Kolom 'desa': 10 grup nilai tidak konsisten
2026-07-04 21:49:34 | WARNING  | modules.quality.coordinate | Kolom latitude/longitude tidak ditemukan
2026-07-04 21:50:41 | WARNING  | modules.ingestion.validator | Kolom hilang dari RAW_COLUMN_MAP: ['KERUSAKAN MATERIAL ( Estimasi Dalam Rupiah  )', 'KETERANGAN DAMPAK LAINNYA\n( Akses Jalan Terputus, Akses Jalan Tertutup dan dampak Lainnya yang bersifat sementara ) ', 'KONDISI TERKINI', 'Kendala / Hambatan  di Lapangan', 'SUMBER INFORMASI Personal']
2026-07-04 21:50:41 | INFO     | modules.ingestion.validator | Kolom di dataset tapi belum dipetakan: ['KERUSAKAN MATERIAL', 'KETERANGAN DAMPAK LAINNYA', 'KONDISI TERKINI ', 'Kendala / Hambatan  di Lapangan ', 'SUMBER INFORMASI']
2026-07-04 21:50:41 | WARNING  | main | Sebagian kolom di RAW_COLUMN_MAP tidak ditemukan di dataset. Verifikasi config/constants.py sebelum melanjutkan.
2026-07-04 21:50:41 | INFO     | modules.ingestion.validator | Profil dataset: 73 baris, 36 kolom, dtype={'object': 32, 'datetime64[ns]': 3, 'float64': 1}
2026-07-04 21:50:41 | INFO     | modules.quality.report | Memulai Data Quality Assessment
2026-07-04 21:50:41 | INFO     | modules.quality.missing | Missing value: 4 kolom terdampak, 4 dianggap bermasalah
2026-07-04 21:50:41 | INFO     | modules.quality.duplicate | Duplikasi baris penuh: 0 baris
2026-07-04 21:50:41 | WARNING  | modules.quality.consistency | Kolom 'desa': 10 grup nilai tidak konsisten
2026-07-04 21:50:41 | WARNING  | modules.quality.coordinate | Kolom latitude/longitude tidak ditemukan
2026-07-04 21:51:08 | WARNING  | modules.ingestion.validator | Kolom hilang dari RAW_COLUMN_MAP: ['KERUSAKAN MATERIAL ( Estimasi Dalam Rupiah  )', 'KETERANGAN DAMPAK LAINNYA\n( Akses Jalan Terputus, Akses Jalan Tertutup dan dampak Lainnya yang bersifat sementara ) ', 'KONDISI TERKINI', 'Kendala / Hambatan  di Lapangan', 'SUMBER INFORMASI Personal']
2026-07-04 21:51:08 | INFO     | modules.ingestion.validator | Kolom di dataset tapi belum dipetakan: ['KERUSAKAN MATERIAL', 'KETERANGAN DAMPAK LAINNYA', 'KONDISI TERKINI ', 'Kendala / Hambatan  di Lapangan ', 'SUMBER INFORMASI']
2026-07-04 21:51:08 | WARNING  | main | Sebagian kolom di RAW_COLUMN_MAP tidak ditemukan di dataset. Verifikasi config/constants.py sebelum melanjutkan.
2026-07-04 21:51:08 | INFO     | modules.ingestion.validator | Profil dataset: 73 baris, 36 kolom, dtype={'object': 32, 'datetime64[ns]': 3, 'float64': 1}
2026-07-04 21:51:08 | INFO     | modules.quality.report | Memulai Data Quality Assessment
2026-07-04 21:51:08 | INFO     | modules.quality.missing | Missing value: 4 kolom terdampak, 4 dianggap bermasalah
2026-07-04 21:51:08 | INFO     | modules.quality.duplicate | Duplikasi baris penuh: 0 baris
2026-07-04 21:51:08 | WARNING  | modules.quality.consistency | Kolom 'desa': 10 grup nilai tidak konsisten
2026-07-04 21:51:08 | WARNING  | modules.quality.coordinate | Kolom latitude/longitude tidak ditemukan
2026-07-04 22:00:01 | INFO     | modules.ingestion.loader | Membaca dataset: data_kejadian.xlsx
2026-07-04 22:00:02 | INFO     | modules.ingestion.loader | Dataset dimuat: 73 baris, 36 kolom
2026-07-04 22:00:02 | WARNING  | modules.ingestion.validator | Kolom hilang dari RAW_COLUMN_MAP: ['KERUSAKAN MATERIAL ( Estimasi Dalam Rupiah  )', 'KETERANGAN DAMPAK LAINNYA\n( Akses Jalan Terputus, Akses Jalan Tertutup dan dampak Lainnya yang bersifat sementara ) ', 'KONDISI TERKINI', 'Kendala / Hambatan  di Lapangan', 'SUMBER INFORMASI Personal']
2026-07-04 22:00:02 | INFO     | modules.ingestion.validator | Kolom di dataset tapi belum dipetakan: ['KERUSAKAN MATERIAL', 'KETERANGAN DAMPAK LAINNYA', 'KONDISI TERKINI ', 'Kendala / Hambatan  di Lapangan ', 'SUMBER INFORMASI']
2026-07-04 22:00:02 | WARNING  | __main__ | Sebagian kolom di RAW_COLUMN_MAP tidak ditemukan di dataset. Verifikasi config/constants.py sebelum melanjutkan.
2026-07-04 22:00:02 | INFO     | modules.ingestion.validator | Profil dataset: 73 baris, 36 kolom, dtype={'object': 32, 'datetime64[ns]': 3, 'float64': 1}
2026-07-04 22:00:02 | INFO     | modules.quality.report | Memulai Data Quality Assessment
2026-07-04 22:00:02 | INFO     | modules.quality.missing | Missing value: 4 kolom terdampak, 4 dianggap bermasalah
2026-07-04 22:00:02 | INFO     | modules.quality.duplicate | Duplikasi baris penuh: 0 baris
2026-07-04 22:00:02 | WARNING  | modules.quality.consistency | Kolom 'desa': 10 grup nilai tidak konsisten
2026-07-04 22:00:02 | WARNING  | modules.quality.coordinate | Kolom latitude/longitude tidak ditemukan
2026-07-04 22:00:15 | INFO     | modules.ingestion.loader | Membaca dataset: data_kejadian.xlsx
2026-07-04 22:00:15 | INFO     | modules.ingestion.loader | Dataset dimuat: 73 baris, 36 kolom
2026-07-04 22:00:15 | WARNING  | modules.ingestion.validator | Kolom hilang dari RAW_COLUMN_MAP: ['KERUSAKAN MATERIAL ( Estimasi Dalam Rupiah  )', 'KETERANGAN DAMPAK LAINNYA\n( Akses Jalan Terputus, Akses Jalan Tertutup dan dampak Lainnya yang bersifat sementara ) ', 'KONDISI TERKINI', 'Kendala / Hambatan  di Lapangan', 'SUMBER INFORMASI Personal']
2026-07-04 22:00:15 | INFO     | modules.ingestion.validator | Kolom di dataset tapi belum dipetakan: ['KERUSAKAN MATERIAL', 'KETERANGAN DAMPAK LAINNYA', 'KONDISI TERKINI ', 'Kendala / Hambatan  di Lapangan ', 'SUMBER INFORMASI']
2026-07-04 22:00:15 | WARNING  | __main__ | Sebagian kolom di RAW_COLUMN_MAP tidak ditemukan di dataset. Verifikasi config/constants.py sebelum melanjutkan.
2026-07-04 22:00:15 | INFO     | modules.ingestion.validator | Profil dataset: 73 baris, 36 kolom, dtype={'object': 32, 'datetime64[ns]': 3, 'float64': 1}
2026-07-04 22:00:15 | INFO     | modules.quality.report | Memulai Data Quality Assessment
2026-07-04 22:00:15 | INFO     | modules.quality.missing | Missing value: 4 kolom terdampak, 4 dianggap bermasalah
2026-07-04 22:00:15 | INFO     | modules.quality.duplicate | Duplikasi baris penuh: 0 baris
2026-07-04 22:00:15 | WARNING  | modules.quality.consistency | Kolom 'desa': 10 grup nilai tidak konsisten
2026-07-04 22:00:15 | WARNING  | modules.quality.coordinate | Kolom latitude/longitude tidak ditemukan
2026-07-04 22:17:25 | INFO     | modules.ingestion.loader | Membaca dataset: data_kejadian.xlsx
2026-07-04 22:17:26 | INFO     | modules.ingestion.loader | Dataset dimuat: 73 baris, 36 kolom
2026-07-04 22:17:26 | WARNING  | modules.ingestion.validator | Kolom hilang dari RAW_COLUMN_MAP: ['KERUSAKAN MATERIAL ( Estimasi Dalam Rupiah  )', 'KETERANGAN DAMPAK LAINNYA\n( Akses Jalan Terputus, Akses Jalan Tertutup dan dampak Lainnya yang bersifat sementara ) ', 'KONDISI TERKINI', 'Kendala / Hambatan  di Lapangan', 'SUMBER INFORMASI Personal']
2026-07-04 22:17:26 | INFO     | modules.ingestion.validator | Kolom di dataset tapi belum dipetakan: ['KERUSAKAN MATERIAL', 'KETERANGAN DAMPAK LAINNYA', 'KONDISI TERKINI ', 'Kendala / Hambatan  di Lapangan ', 'SUMBER INFORMASI']
2026-07-04 22:17:26 | WARNING  | __main__ | Sebagian kolom di RAW_COLUMN_MAP tidak ditemukan di dataset. Verifikasi config/constants.py sebelum melanjutkan.
2026-07-04 22:17:26 | INFO     | modules.ingestion.validator | Profil dataset: 73 baris, 36 kolom, dtype={'object': 32, 'datetime64[ns]': 3, 'float64': 1}
2026-07-04 22:17:26 | INFO     | modules.quality.report | Memulai Data Quality Assessment
2026-07-04 22:17:26 | INFO     | modules.quality.missing | Missing value: 4 kolom terdampak, 4 dianggap bermasalah
2026-07-04 22:17:26 | INFO     | modules.quality.duplicate | Duplikasi baris penuh: 0 baris
2026-07-04 22:17:26 | WARNING  | modules.quality.consistency | Kolom 'desa': 10 grup nilai tidak konsisten
2026-07-04 22:17:26 | WARNING  | modules.quality.coordinate | Kolom latitude/longitude tidak ditemukan
2026-07-04 22:25:28 | INFO     | modules.ingestion.loader | Membaca dataset: data_kejadian.xlsx
2026-07-04 22:25:29 | INFO     | modules.ingestion.loader | Dataset dimuat: 73 baris, 36 kolom
2026-07-04 22:25:29 | WARNING  | modules.ingestion.validator | Kolom hilang dari RAW_COLUMN_MAP: ['KERUSAKAN MATERIAL ( Estimasi Dalam Rupiah  )', 'KETERANGAN DAMPAK LAINNYA\n( Akses Jalan Terputus, Akses Jalan Tertutup dan dampak Lainnya yang bersifat sementara ) ', 'KONDISI TERKINI', 'Kendala / Hambatan  di Lapangan', 'SUMBER INFORMASI Personal']
2026-07-04 22:25:29 | INFO     | modules.ingestion.validator | Kolom di dataset tapi belum dipetakan: ['KERUSAKAN MATERIAL', 'KETERANGAN DAMPAK LAINNYA', 'KONDISI TERKINI ', 'Kendala / Hambatan  di Lapangan ', 'SUMBER INFORMASI']
2026-07-04 22:25:29 | WARNING  | __main__ | Sebagian kolom di RAW_COLUMN_MAP tidak ditemukan di dataset. Verifikasi config/constants.py sebelum melanjutkan.
2026-07-04 22:25:29 | INFO     | modules.ingestion.validator | Profil dataset: 73 baris, 36 kolom, dtype={'object': 32, 'datetime64[ns]': 3, 'float64': 1}
2026-07-04 22:25:29 | INFO     | modules.quality.report | Memulai Data Quality Assessment
2026-07-04 22:25:29 | INFO     | modules.quality.missing | Missing value: 4 kolom terdampak, 4 dianggap bermasalah
2026-07-04 22:25:29 | INFO     | modules.quality.duplicate | Duplikasi baris penuh: 0 baris
2026-07-04 22:25:29 | WARNING  | modules.quality.consistency | Kolom 'desa': 10 grup nilai tidak konsisten
2026-07-04 22:25:29 | WARNING  | modules.quality.coordinate | Kolom latitude/longitude tidak ditemukan
2026-07-04 22:25:29 | INFO     | modules.quality.report | Data Quality Score: 60.82/100
2026-07-04 22:25:29 | INFO     | modules.quality.report | Data Quality Report disimpan: E:\PROJECT\BPBD\data_analytics\outputs\reports\data_quality_report.json
2026-07-04 22:25:29 | INFO     | __main__ | Pipeline selesai sampai Tahap 2 (Data Quality Assessment)
2026-07-04 22:32:02 | INFO     | modules.ingestion.loader | Membaca dataset: data_kejadian.xlsx
2026-07-04 22:32:03 | INFO     | modules.ingestion.loader | Dataset dimuat: 73 baris, 36 kolom
2026-07-04 22:32:03 | WARNING  | modules.ingestion.validator | Kolom hilang dari RAW_COLUMN_MAP: ['KERUSAKAN MATERIAL ( Estimasi Dalam Rupiah  )', 'KETERANGAN DAMPAK LAINNYA\n( Akses Jalan Terputus, Akses Jalan Tertutup dan dampak Lainnya yang bersifat sementara ) ', 'KONDISI TERKINI', 'Kendala / Hambatan  di Lapangan', 'SUMBER INFORMASI Personal']
2026-07-04 22:32:03 | INFO     | modules.ingestion.validator | Kolom di dataset tapi belum dipetakan: ['KERUSAKAN MATERIAL', 'KETERANGAN DAMPAK LAINNYA', 'KONDISI TERKINI ', 'Kendala / Hambatan  di Lapangan ', 'SUMBER INFORMASI']
2026-07-04 22:32:03 | WARNING  | __main__ | Sebagian kolom di RAW_COLUMN_MAP tidak ditemukan di dataset. Verifikasi config/constants.py sebelum melanjutkan.
2026-07-04 22:32:03 | INFO     | modules.ingestion.validator | Profil dataset: 73 baris, 36 kolom, dtype={'object': 32, 'datetime64[ns]': 3, 'float64': 1}
2026-07-04 22:32:03 | INFO     | modules.quality.report | Memulai Data Quality Assessment
2026-07-04 22:32:03 | INFO     | modules.quality.missing | Missing value: 4 kolom terdampak, 4 dianggap bermasalah
2026-07-04 22:32:03 | INFO     | modules.quality.duplicate | Duplikasi baris penuh: 0 baris
2026-07-04 22:32:03 | WARNING  | modules.quality.consistency | Kolom 'desa': 10 grup nilai tidak konsisten
2026-07-04 22:32:03 | WARNING  | modules.quality.coordinate | Kolom latitude/longitude tidak ditemukan
2026-07-04 22:32:03 | INFO     | modules.quality.report | Data Quality Score: 60.82/100
2026-07-04 22:32:03 | INFO     | modules.quality.report | Data Quality Report disimpan: E:\PROJECT\BPBD\data_analytics\outputs\reports\data_quality_report.json
2026-07-04 22:32:03 | INFO     | __main__ | Pipeline selesai sampai Tahap 2 (Data Quality Assessment)
2026-07-04 22:55:47 | INFO     | modules.ingestion.loader | Membaca dataset: data_kejadian.xlsx
2026-07-04 22:55:51 | INFO     | modules.ingestion.loader | Dataset dimuat: 73 baris, 36 kolom
2026-07-04 22:55:51 | INFO     | modules.ingestion.validator | Profil dataset: 73 baris, 36 kolom, dtype={'object': 32, 'datetime64[ns]': 3, 'float64': 1}
2026-07-04 22:55:51 | INFO     | modules.quality.report | Memulai Data Quality Assessment
2026-07-04 22:55:51 | INFO     | modules.quality.missing | Missing value: 4 kolom terdampak, 4 dianggap bermasalah
2026-07-04 22:55:51 | INFO     | modules.quality.duplicate | Duplikasi baris penuh: 0 baris
2026-07-04 22:55:51 | WARNING  | modules.quality.consistency | Kolom 'desa': 10 grup nilai tidak konsisten
2026-07-04 22:55:51 | WARNING  | modules.quality.coordinate | Kolom latitude/longitude tidak ditemukan
2026-07-04 22:55:51 | INFO     | modules.quality.report | Data Quality Score: 46.65/100
2026-07-04 22:55:51 | INFO     | modules.quality.report | Data Quality Report disimpan: E:\PROJECT\BPBD\data_analytics\outputs\reports\data_quality_report.json
2026-07-04 22:55:51 | INFO     | __main__ | Pipeline selesai sampai Tahap 2 (Data Quality Assessment)
2026-07-04 23:12:49 | INFO     | modules.ingestion.loader | Membaca dataset: data_kejadian.xlsx
2026-07-04 23:12:50 | INFO     | modules.ingestion.loader | Dataset dimuat: 73 baris, 36 kolom
2026-07-04 23:12:50 | INFO     | modules.ingestion.validator | Profil dataset: 73 baris, 36 kolom, dtype={'object': 32, 'datetime64[ns]': 3, 'float64': 1}
2026-07-04 23:12:50 | INFO     | modules.quality.report | Memulai Data Quality Assessment
2026-07-04 23:12:50 | INFO     | modules.quality.missing | Missing value: 4 kolom terdampak, 4 dianggap bermasalah
2026-07-04 23:12:50 | INFO     | modules.quality.duplicate | Duplikasi baris penuh: 0 baris
2026-07-04 23:12:50 | WARNING  | modules.quality.consistency | Kolom 'desa': 10 grup nilai tidak konsisten
2026-07-04 23:12:50 | WARNING  | modules.quality.coordinate | Kolom latitude/longitude tidak ditemukan
2026-07-04 23:12:50 | INFO     | modules.quality.report | Data Quality Score: 46.65/100
2026-07-04 23:12:50 | INFO     | modules.quality.report | Data Quality Report disimpan: E:\PROJECT\BPBD\data_analytics\outputs\reports\data_quality_report.json
2026-07-04 23:12:50 | INFO     | __main__ | Pipeline selesai sampai Tahap 2 (Data Quality Assessment)
2026-07-04 23:13:39 | INFO     | modules.ingestion.loader | Membaca dataset: data_kejadian.xlsx
2026-07-04 23:13:40 | INFO     | modules.ingestion.loader | Dataset dimuat: 73 baris, 36 kolom
2026-07-04 23:13:40 | INFO     | modules.ingestion.validator | Profil dataset: 73 baris, 36 kolom, dtype={'object': 32, 'datetime64[ns]': 3, 'float64': 1}
2026-07-04 23:13:40 | INFO     | modules.quality.report | Memulai Data Quality Assessment
2026-07-04 23:13:40 | INFO     | modules.quality.missing | Missing value: 4 kolom terdampak, 4 dianggap bermasalah
2026-07-04 23:13:40 | INFO     | modules.quality.duplicate | Duplikasi baris penuh: 0 baris
2026-07-04 23:13:40 | WARNING  | modules.quality.consistency | Kolom 'desa': 10 grup nilai tidak konsisten
2026-07-04 23:13:40 | WARNING  | modules.quality.coordinate | Kolom latitude/longitude tidak ditemukan
2026-07-04 23:13:40 | INFO     | modules.quality.report | Data Quality Score: 46.65/100
2026-07-04 23:13:40 | INFO     | modules.quality.report | Data Quality Report disimpan: E:\PROJECT\BPBD\data_analytics\outputs\reports\data_quality_report.json
2026-07-04 23:13:40 | INFO     | __main__ | Pipeline selesai sampai Tahap 2 (Data Quality Assessment)
2026-07-04 23:16:44 | INFO     | modules.ingestion.loader | Membaca dataset: data_kejadian.xlsx
2026-07-04 23:16:45 | INFO     | modules.ingestion.loader | Dataset dimuat: 73 baris, 36 kolom
2026-07-04 23:16:45 | INFO     | modules.ingestion.validator | Profil dataset: 73 baris, 36 kolom, dtype={'object': 32, 'datetime64[ns]': 3, 'float64': 1}
2026-07-04 23:16:45 | INFO     | modules.quality.report | Memulai Data Quality Assessment
2026-07-04 23:16:45 | INFO     | modules.quality.missing | Missing value: 4 kolom terdampak, 4 dianggap bermasalah
2026-07-04 23:16:45 | INFO     | modules.quality.duplicate | Duplikasi baris penuh: 0 baris
2026-07-04 23:16:45 | WARNING  | modules.quality.consistency | Kolom 'desa': 10 grup nilai tidak konsisten
2026-07-04 23:16:45 | WARNING  | modules.quality.coordinate | Kolom latitude/longitude tidak ditemukan
2026-07-04 23:16:45 | INFO     | modules.quality.report | Data Quality Score: 46.65/100
2026-07-04 23:16:45 | INFO     | modules.quality.report | Data Quality Report disimpan: E:\PROJECT\BPBD\data_analytics\outputs\reports\data_quality_report.json
2026-07-04 23:16:45 | INFO     | __main__ | Pipeline selesai sampai Tahap 2 (Data Quality Assessment)
2026-07-04 23:16:45 | INFO     | modules.preprocessing.cleaner | Memulai Data Cleaning
2026-07-04 23:16:45 | INFO     | modules.preprocessing.cleaner | Trim whitespace diterapkan pada 32 kolom object
2026-07-04 23:16:45 | INFO     | modules.preprocessing.cleaner | Missing token generik dikonversi ke NaN: 306 sel
2026-07-04 23:16:45 | INFO     | modules.preprocessing.cleaner | Kolom 'desa': 23 variant dipetakan ke bentuk kanonik
2026-07-04 23:16:45 | INFO     | modules.preprocessing.cleaner | Data Cleaning selesai
2026-07-04 23:16:45 | INFO     | modules.preprocessing.transformer | Memulai Data Transformation
2026-07-04 23:16:45 | INFO     | modules.preprocessing.transformer | Parsing koordinat selesai: {'ok_decimal_sign_corrected': 56, 'ok_dms': 10, 'multi_point_first_used': 4, 'missing': 1, 'unparseable_invalid_range': 1, 'multi_point_first_used_sign_corrected': 1}
2026-07-04 23:16:45 | WARNING  | modules.preprocessing.transformer | 1 baris koordinat gagal diparsing, perlu verifikasi manual
2026-07-04 23:16:45 | INFO     | modules.preprocessing.transformer | Kombinasi datetime kejadian/pelaporan selesai
2026-07-04 23:16:45 | INFO     | modules.preprocessing.transformer | Data Transformation selesai
2026-07-04 23:16:45 | INFO     | modules.preprocessing.feature_engineering | Memulai Feature Engineering
2026-07-04 23:16:45 | WARNING  | modules.preprocessing.feature_engineering | Ekstraksi angka gagal pada 4/73 baris kolom 'rumah_rusak_sedang' (narasi tidak diawali angka) -- diperlakukan sebagai NaN, bukan 0
2026-07-04 23:16:45 | WARNING  | modules.preprocessing.feature_engineering | Ekstraksi angka gagal pada 3/73 baris kolom 'rumah_rusak_ringan' (narasi tidak diawali angka) -- diperlakukan sebagai NaN, bukan 0
2026-07-04 23:16:45 | INFO     | modules.preprocessing.feature_engineering | Feature Engineering selesai
2026-07-04 23:28:01 | INFO     | modules.ingestion.loader | Membaca dataset: data_kejadian.xlsx
2026-07-04 23:28:01 | INFO     | modules.ingestion.loader | Dataset dimuat: 73 baris, 36 kolom
2026-07-04 23:28:01 | INFO     | modules.ingestion.validator | Profil dataset: 73 baris, 36 kolom, dtype={'object': 32, 'datetime64[ns]': 3, 'float64': 1}
2026-07-04 23:28:01 | INFO     | modules.quality.report | Memulai Data Quality Assessment
2026-07-04 23:28:01 | INFO     | modules.quality.missing | Missing value: 4 kolom terdampak, 4 dianggap bermasalah
2026-07-04 23:28:01 | INFO     | modules.quality.duplicate | Duplikasi baris penuh: 0 baris
2026-07-04 23:28:01 | WARNING  | modules.quality.consistency | Kolom 'desa': 10 grup nilai tidak konsisten
2026-07-04 23:28:01 | WARNING  | modules.quality.coordinate | Kolom latitude/longitude tidak ditemukan
2026-07-04 23:28:01 | INFO     | modules.quality.report | Data Quality Score: 46.65/100
2026-07-04 23:28:01 | INFO     | modules.quality.report | Data Quality Report disimpan: E:\PROJECT\BPBD\data_analytics\outputs\reports\data_quality_report.json
2026-07-04 23:28:01 | INFO     | __main__ | Pipeline selesai sampai Tahap 2 (Data Quality Assessment)
2026-07-04 23:28:01 | INFO     | modules.preprocessing.cleaner | Memulai Data Cleaning
2026-07-04 23:28:01 | INFO     | modules.preprocessing.cleaner | Trim whitespace diterapkan pada 32 kolom object
2026-07-04 23:28:01 | INFO     | modules.preprocessing.cleaner | Missing token generik dikonversi ke NaN: 306 sel
2026-07-04 23:28:01 | INFO     | modules.preprocessing.cleaner | Kolom 'desa': 23 variant dipetakan ke bentuk kanonik
2026-07-04 23:28:01 | INFO     | modules.preprocessing.cleaner | Data Cleaning selesai
2026-07-04 23:28:01 | INFO     | modules.preprocessing.transformer | Memulai Data Transformation
2026-07-04 23:28:01 | INFO     | modules.preprocessing.transformer | Parsing koordinat selesai: {'ok_decimal_sign_corrected': 56, 'ok_dms': 10, 'multi_point_first_used': 4, 'missing': 1, 'unparseable_invalid_range': 1, 'multi_point_first_used_sign_corrected': 1}
2026-07-04 23:28:01 | WARNING  | modules.preprocessing.transformer | 1 baris koordinat gagal diparsing, perlu verifikasi manual
2026-07-04 23:28:01 | INFO     | modules.preprocessing.transformer | Kombinasi datetime kejadian/pelaporan selesai
2026-07-04 23:28:01 | INFO     | modules.preprocessing.transformer | Data Transformation selesai
2026-07-04 23:28:01 | INFO     | modules.preprocessing.feature_engineering | Memulai Feature Engineering
2026-07-04 23:28:01 | WARNING  | modules.preprocessing.feature_engineering | Ekstraksi angka gagal pada 4/73 baris kolom 'rumah_rusak_sedang' (narasi tidak diawali angka) -- diperlakukan sebagai NaN, bukan 0
2026-07-04 23:28:01 | WARNING  | modules.preprocessing.feature_engineering | Ekstraksi angka gagal pada 3/73 baris kolom 'rumah_rusak_ringan' (narasi tidak diawali angka) -- diperlakukan sebagai NaN, bukan 0
2026-07-04 23:28:01 | INFO     | modules.preprocessing.feature_engineering | Feature Engineering selesai
2026-07-04 23:28:01 | INFO     | __main__ | Clean Dataset disimpan: E:\PROJECT\BPBD\data_analytics\data\processed\clean_dataset.csv
2026-07-04 23:28:01 | INFO     | __main__ | Pipeline selesai sampai Tahap 3 (Data Preprocessing)
2026-07-04 23:33:30 | INFO     | modules.ingestion.loader | Membaca dataset: data_kejadian.xlsx
2026-07-04 23:33:31 | INFO     | modules.ingestion.loader | Dataset dimuat: 73 baris, 36 kolom
2026-07-04 23:33:31 | INFO     | modules.ingestion.validator | Profil dataset: 73 baris, 36 kolom, dtype={'object': 32, 'datetime64[ns]': 3, 'float64': 1}
2026-07-04 23:33:31 | INFO     | modules.quality.report | Memulai Data Quality Assessment
2026-07-04 23:33:31 | INFO     | modules.quality.missing | Missing value: 4 kolom terdampak, 4 dianggap bermasalah
2026-07-04 23:33:31 | INFO     | modules.quality.duplicate | Duplikasi baris penuh: 0 baris
2026-07-04 23:33:31 | WARNING  | modules.quality.consistency | Kolom 'desa': 10 grup nilai tidak konsisten
2026-07-04 23:33:31 | WARNING  | modules.quality.coordinate | Kolom latitude/longitude tidak ditemukan
2026-07-04 23:33:31 | INFO     | modules.quality.report | Data Quality Score: 46.65/100
2026-07-04 23:33:31 | INFO     | modules.quality.report | Data Quality Report disimpan: E:\PROJECT\BPBD\data_analytics\outputs\reports\data_quality_report.json
2026-07-04 23:33:31 | INFO     | __main__ | Pipeline selesai sampai Tahap 2 (Data Quality Assessment)
2026-07-04 23:33:31 | INFO     | modules.preprocessing.cleaner | Memulai Data Cleaning
2026-07-04 23:33:31 | INFO     | modules.preprocessing.cleaner | Trim whitespace diterapkan pada 32 kolom object
2026-07-04 23:33:31 | INFO     | modules.preprocessing.cleaner | Missing token generik dikonversi ke NaN: 306 sel
2026-07-04 23:33:31 | INFO     | modules.preprocessing.cleaner | Kolom 'desa': 23 variant dipetakan ke bentuk kanonik
2026-07-04 23:33:31 | INFO     | modules.preprocessing.cleaner | Data Cleaning selesai
2026-07-04 23:33:31 | INFO     | modules.preprocessing.transformer | Memulai Data Transformation
2026-07-04 23:33:31 | INFO     | modules.preprocessing.transformer | Parsing koordinat selesai: {'ok_decimal_sign_corrected': 56, 'ok_dms': 10, 'multi_point_first_used': 4, 'missing': 1, 'unparseable_invalid_range': 1, 'multi_point_first_used_sign_corrected': 1}
2026-07-04 23:33:31 | WARNING  | modules.preprocessing.transformer | 1 baris koordinat gagal diparsing, perlu verifikasi manual
2026-07-04 23:33:31 | INFO     | modules.preprocessing.transformer | Kombinasi datetime kejadian/pelaporan selesai
2026-07-04 23:33:31 | INFO     | modules.preprocessing.transformer | Data Transformation selesai
2026-07-04 23:33:31 | INFO     | modules.preprocessing.feature_engineering | Memulai Feature Engineering
2026-07-04 23:33:31 | WARNING  | modules.preprocessing.feature_engineering | Ekstraksi angka gagal pada 4/73 baris kolom 'rumah_rusak_sedang' (narasi tidak diawali angka) -- diperlakukan sebagai NaN, bukan 0
2026-07-04 23:33:31 | WARNING  | modules.preprocessing.feature_engineering | Ekstraksi angka gagal pada 3/73 baris kolom 'rumah_rusak_ringan' (narasi tidak diawali angka) -- diperlakukan sebagai NaN, bukan 0
2026-07-04 23:33:31 | INFO     | modules.preprocessing.feature_engineering | Feature Engineering selesai
2026-07-04 23:33:31 | INFO     | __main__ | Clean Dataset disimpan: E:\PROJECT\BPBD\data_analytics\data\processed\clean_dataset.csv
2026-07-04 23:33:31 | INFO     | __main__ | Pipeline selesai sampai Tahap 3 (Data Preprocessing)
2026-07-04 23:33:31 | INFO     | modules.analysis.temporal | Analisis temporal selesai: 4 ringkasan dihasilkan
2026-07-04 23:33:31 | INFO     | modules.analysis.spatial | Analisis spasial selesai: valid_coordinate_ratio=90.41%
2026-07-04 23:33:31 | INFO     | modules.analysis.disaster | Analisis bencana selesai: jenis dominan = 'ANGIN KENCANG'
2026-07-04 23:33:31 | INFO     | modules.analysis.impact | Analisis dampak selesai
2026-07-04 23:33:31 | INFO     | modules.analysis.operational | Analisis operasional selesai: completion_ratio=80.82%
2026-07-04 23:33:31 | INFO     | __main__ | Pipeline selesai sampai Tahap 4 (Exploratory Data Analysis)
2026-07-04 23:46:08 | INFO     | modules.ingestion.loader | Membaca dataset: data_kejadian.xlsx
2026-07-04 23:46:13 | INFO     | modules.ingestion.loader | Dataset dimuat: 73 baris, 36 kolom
2026-07-04 23:46:14 | INFO     | modules.ingestion.validator | Profil dataset: 73 baris, 36 kolom, dtype={'object': 32, 'datetime64[ns]': 3, 'float64': 1}
2026-07-04 23:46:14 | INFO     | modules.quality.report | Memulai Data Quality Assessment
2026-07-04 23:46:14 | INFO     | modules.quality.missing | Missing value: 4 kolom terdampak, 4 dianggap bermasalah
2026-07-04 23:46:14 | INFO     | modules.quality.duplicate | Duplikasi baris penuh: 0 baris
2026-07-04 23:46:14 | WARNING  | modules.quality.consistency | Kolom 'desa': 10 grup nilai tidak konsisten
2026-07-04 23:46:14 | WARNING  | modules.quality.coordinate | Kolom latitude/longitude tidak ditemukan
2026-07-04 23:46:14 | INFO     | modules.quality.report | Data Quality Score: 46.65/100
2026-07-04 23:46:14 | INFO     | modules.quality.report | Data Quality Report disimpan: E:\PROJECT\BPBD\data_analytics\outputs\reports\data_quality_report.json
2026-07-04 23:46:14 | INFO     | __main__ | Pipeline selesai sampai Tahap 2 (Data Quality Assessment)
2026-07-04 23:46:14 | INFO     | modules.preprocessing.cleaner | Memulai Data Cleaning
2026-07-04 23:46:14 | INFO     | modules.preprocessing.cleaner | Trim whitespace diterapkan pada 32 kolom object
2026-07-04 23:46:14 | INFO     | modules.preprocessing.cleaner | Missing token generik dikonversi ke NaN: 306 sel
2026-07-04 23:46:14 | INFO     | modules.preprocessing.cleaner | Kolom 'desa': 23 variant dipetakan ke bentuk kanonik
2026-07-04 23:46:14 | INFO     | modules.preprocessing.cleaner | Data Cleaning selesai
2026-07-04 23:46:14 | INFO     | modules.preprocessing.transformer | Memulai Data Transformation
2026-07-04 23:46:14 | INFO     | modules.preprocessing.transformer | Parsing koordinat selesai: {'ok_decimal_sign_corrected': 56, 'ok_dms': 10, 'multi_point_first_used': 4, 'missing': 1, 'unparseable_invalid_range': 1, 'multi_point_first_used_sign_corrected': 1}
2026-07-04 23:46:14 | WARNING  | modules.preprocessing.transformer | 1 baris koordinat gagal diparsing, perlu verifikasi manual
2026-07-04 23:46:14 | INFO     | modules.preprocessing.transformer | Kombinasi datetime kejadian/pelaporan selesai
2026-07-04 23:46:14 | INFO     | modules.preprocessing.transformer | Data Transformation selesai
2026-07-04 23:46:14 | INFO     | modules.preprocessing.feature_engineering | Memulai Feature Engineering
2026-07-04 23:46:14 | WARNING  | modules.preprocessing.feature_engineering | Ekstraksi angka gagal pada 4/73 baris kolom 'rumah_rusak_sedang' (narasi tidak diawali angka) -- diperlakukan sebagai NaN, bukan 0
2026-07-04 23:46:14 | WARNING  | modules.preprocessing.feature_engineering | Ekstraksi angka gagal pada 3/73 baris kolom 'rumah_rusak_ringan' (narasi tidak diawali angka) -- diperlakukan sebagai NaN, bukan 0
2026-07-04 23:46:14 | INFO     | modules.preprocessing.feature_engineering | Feature Engineering selesai
2026-07-04 23:46:14 | INFO     | __main__ | Clean Dataset disimpan: E:\PROJECT\BPBD\data_analytics\data\processed\clean_dataset.csv
2026-07-04 23:46:14 | INFO     | __main__ | Pipeline selesai sampai Tahap 3 (Data Preprocessing)
2026-07-04 23:46:14 | INFO     | modules.analysis.temporal | Analisis temporal selesai: 4 ringkasan dihasilkan
2026-07-04 23:46:14 | INFO     | modules.analysis.spatial | Analisis spasial selesai: valid_coordinate_ratio=90.41%
2026-07-04 23:46:14 | INFO     | modules.analysis.disaster | Analisis bencana selesai: jenis dominan = 'ANGIN KENCANG'
2026-07-04 23:46:14 | INFO     | modules.analysis.impact | Analisis dampak selesai
2026-07-04 23:46:14 | INFO     | modules.analysis.operational | Analisis operasional selesai: completion_ratio=80.82%
2026-07-04 23:46:14 | INFO     | __main__ | Pipeline selesai sampai Tahap 4 (Exploratory Data Analysis)
2026-07-04 23:47:13 | INFO     | modules.ingestion.loader | Membaca dataset: data_kejadian.xlsx
2026-07-04 23:47:14 | INFO     | modules.ingestion.loader | Dataset dimuat: 73 baris, 36 kolom
2026-07-04 23:47:14 | INFO     | modules.ingestion.validator | Profil dataset: 73 baris, 36 kolom, dtype={'object': 32, 'datetime64[ns]': 3, 'float64': 1}
2026-07-04 23:47:14 | INFO     | modules.quality.report | Memulai Data Quality Assessment
2026-07-04 23:47:14 | INFO     | modules.quality.missing | Missing value: 4 kolom terdampak, 4 dianggap bermasalah
2026-07-04 23:47:14 | INFO     | modules.quality.duplicate | Duplikasi baris penuh: 0 baris
2026-07-04 23:47:14 | WARNING  | modules.quality.consistency | Kolom 'desa': 10 grup nilai tidak konsisten
2026-07-04 23:47:14 | WARNING  | modules.quality.coordinate | Kolom latitude/longitude tidak ditemukan
2026-07-04 23:47:14 | INFO     | modules.quality.report | Data Quality Score: 46.65/100
2026-07-04 23:47:14 | INFO     | modules.quality.report | Data Quality Report disimpan: E:\PROJECT\BPBD\data_analytics\outputs\reports\data_quality_report.json
2026-07-04 23:47:14 | INFO     | __main__ | Pipeline selesai sampai Tahap 2 (Data Quality Assessment)
2026-07-04 23:47:14 | INFO     | modules.preprocessing.cleaner | Memulai Data Cleaning
2026-07-04 23:47:14 | INFO     | modules.preprocessing.cleaner | Trim whitespace diterapkan pada 32 kolom object
2026-07-04 23:47:14 | INFO     | modules.preprocessing.cleaner | Missing token generik dikonversi ke NaN: 306 sel
2026-07-04 23:47:14 | INFO     | modules.preprocessing.cleaner | Kolom 'desa': 23 variant dipetakan ke bentuk kanonik
2026-07-04 23:47:14 | INFO     | modules.preprocessing.cleaner | Data Cleaning selesai
2026-07-04 23:47:14 | INFO     | modules.preprocessing.transformer | Memulai Data Transformation
2026-07-04 23:47:14 | INFO     | modules.preprocessing.transformer | Parsing koordinat selesai: {'ok_decimal_sign_corrected': 56, 'ok_dms': 10, 'multi_point_first_used': 4, 'missing': 1, 'unparseable_invalid_range': 1, 'multi_point_first_used_sign_corrected': 1}
2026-07-04 23:47:14 | WARNING  | modules.preprocessing.transformer | 1 baris koordinat gagal diparsing, perlu verifikasi manual
2026-07-04 23:47:14 | INFO     | modules.preprocessing.transformer | Kombinasi datetime kejadian/pelaporan selesai
2026-07-04 23:47:14 | INFO     | modules.preprocessing.transformer | Data Transformation selesai
2026-07-04 23:47:14 | INFO     | modules.preprocessing.feature_engineering | Memulai Feature Engineering
2026-07-04 23:47:14 | WARNING  | modules.preprocessing.feature_engineering | Ekstraksi angka gagal pada 4/73 baris kolom 'rumah_rusak_sedang' (narasi tidak diawali angka) -- diperlakukan sebagai NaN, bukan 0
2026-07-04 23:47:14 | WARNING  | modules.preprocessing.feature_engineering | Ekstraksi angka gagal pada 3/73 baris kolom 'rumah_rusak_ringan' (narasi tidak diawali angka) -- diperlakukan sebagai NaN, bukan 0
2026-07-04 23:47:14 | INFO     | modules.preprocessing.feature_engineering | Feature Engineering selesai
2026-07-04 23:47:14 | INFO     | __main__ | Clean Dataset disimpan: E:\PROJECT\BPBD\data_analytics\data\processed\clean_dataset.csv
2026-07-04 23:47:14 | INFO     | __main__ | Pipeline selesai sampai Tahap 3 (Data Preprocessing)
2026-07-04 23:47:14 | INFO     | modules.analysis.temporal | Analisis temporal selesai: 4 ringkasan dihasilkan
2026-07-04 23:47:14 | INFO     | modules.analysis.spatial | Analisis spasial selesai: valid_coordinate_ratio=90.41%
2026-07-04 23:47:14 | INFO     | modules.analysis.disaster | Analisis bencana selesai: jenis dominan = 'ANGIN KENCANG'
2026-07-04 23:47:14 | INFO     | modules.analysis.impact | Analisis dampak selesai
2026-07-04 23:47:14 | INFO     | modules.analysis.operational | Analisis operasional selesai: completion_ratio=80.82%
2026-07-04 23:47:14 | INFO     | __main__ | Pipeline selesai sampai Tahap 4 (Exploratory Data Analysis)
2026-07-04 23:48:20 | INFO     | modules.ingestion.loader | Membaca dataset: data_kejadian.xlsx
2026-07-04 23:48:21 | INFO     | modules.ingestion.loader | Dataset dimuat: 73 baris, 36 kolom
2026-07-04 23:48:21 | INFO     | modules.ingestion.validator | Profil dataset: 73 baris, 36 kolom, dtype={'object': 32, 'datetime64[ns]': 3, 'float64': 1}
2026-07-04 23:48:21 | INFO     | modules.quality.report | Memulai Data Quality Assessment
2026-07-04 23:48:21 | INFO     | modules.quality.missing | Missing value: 4 kolom terdampak, 4 dianggap bermasalah
2026-07-04 23:48:21 | INFO     | modules.quality.duplicate | Duplikasi baris penuh: 0 baris
2026-07-04 23:48:21 | WARNING  | modules.quality.consistency | Kolom 'desa': 10 grup nilai tidak konsisten
2026-07-04 23:48:21 | WARNING  | modules.quality.coordinate | Kolom latitude/longitude tidak ditemukan
2026-07-04 23:48:21 | INFO     | modules.quality.report | Data Quality Score: 46.65/100
2026-07-04 23:48:21 | INFO     | modules.quality.report | Data Quality Report disimpan: E:\PROJECT\BPBD\data_analytics\outputs\reports\data_quality_report.json
2026-07-04 23:48:21 | INFO     | __main__ | Pipeline selesai sampai Tahap 2 (Data Quality Assessment)
2026-07-04 23:48:21 | INFO     | modules.preprocessing.cleaner | Memulai Data Cleaning
2026-07-04 23:48:21 | INFO     | modules.preprocessing.cleaner | Trim whitespace diterapkan pada 32 kolom object
2026-07-04 23:48:21 | INFO     | modules.preprocessing.cleaner | Missing token generik dikonversi ke NaN: 306 sel
2026-07-04 23:48:21 | INFO     | modules.preprocessing.cleaner | Kolom 'desa': 23 variant dipetakan ke bentuk kanonik
2026-07-04 23:48:21 | INFO     | modules.preprocessing.cleaner | Data Cleaning selesai
2026-07-04 23:48:21 | INFO     | modules.preprocessing.transformer | Memulai Data Transformation
2026-07-04 23:48:21 | INFO     | modules.preprocessing.transformer | Parsing koordinat selesai: {'ok_decimal_sign_corrected': 56, 'ok_dms': 10, 'multi_point_first_used': 4, 'missing': 1, 'unparseable_invalid_range': 1, 'multi_point_first_used_sign_corrected': 1}
2026-07-04 23:48:21 | WARNING  | modules.preprocessing.transformer | 1 baris koordinat gagal diparsing, perlu verifikasi manual
2026-07-04 23:48:21 | INFO     | modules.preprocessing.transformer | Kombinasi datetime kejadian/pelaporan selesai
2026-07-04 23:48:21 | INFO     | modules.preprocessing.transformer | Data Transformation selesai
2026-07-04 23:48:21 | INFO     | modules.preprocessing.feature_engineering | Memulai Feature Engineering
2026-07-04 23:48:21 | WARNING  | modules.preprocessing.feature_engineering | Ekstraksi angka gagal pada 4/73 baris kolom 'rumah_rusak_sedang' (narasi tidak diawali angka) -- diperlakukan sebagai NaN, bukan 0
2026-07-04 23:48:21 | WARNING  | modules.preprocessing.feature_engineering | Ekstraksi angka gagal pada 3/73 baris kolom 'rumah_rusak_ringan' (narasi tidak diawali angka) -- diperlakukan sebagai NaN, bukan 0
2026-07-04 23:48:21 | INFO     | modules.preprocessing.feature_engineering | Feature Engineering selesai
2026-07-04 23:48:21 | INFO     | __main__ | Clean Dataset disimpan: E:\PROJECT\BPBD\data_analytics\data\processed\clean_dataset.csv
2026-07-04 23:48:21 | INFO     | __main__ | Pipeline selesai sampai Tahap 3 (Data Preprocessing)
2026-07-04 23:48:21 | INFO     | modules.analysis.temporal | Analisis temporal selesai: 4 ringkasan dihasilkan
2026-07-04 23:48:21 | INFO     | modules.analysis.spatial | Analisis spasial selesai: valid_coordinate_ratio=90.41%
2026-07-04 23:48:21 | INFO     | modules.analysis.disaster | Analisis bencana selesai: jenis dominan = 'ANGIN KENCANG'
2026-07-04 23:48:21 | INFO     | modules.analysis.impact | Analisis dampak selesai
2026-07-04 23:48:21 | INFO     | modules.analysis.operational | Analisis operasional selesai: completion_ratio=80.82%
2026-07-04 23:48:21 | INFO     | __main__ | Pipeline selesai sampai Tahap 4 (Exploratory Data Analysis)
2026-07-04 23:48:21 | INFO     | modules.analysis.statistics | Memulai Statistical Analysis
2026-07-04 23:48:21 | INFO     | modules.analysis.statistics | Statistical Analysis selesai
2026-07-04 23:48:21 | INFO     | modules.analysis.statistics | Statistical Report disimpan: E:\PROJECT\BPBD\data_analytics\outputs\reports\statistical_report.json
2026-07-04 23:48:21 | INFO     | __main__ | Pipeline selesai sampai Tahap 5 (Statistical Analysis)
2026-07-04 23:48:21 | INFO     | modules.insight.generator | Memulai Insight Generation
2026-07-04 23:48:21 | INFO     | modules.insight.generator | Insight Generation selesai: 10 insight dihasilkan
2026-07-04 23:48:21 | INFO     | modules.insight.generator | Insight Report disimpan: E:\PROJECT\BPBD\data_analytics\outputs\reports\insight_report.json
2026-07-04 23:48:21 | INFO     | __main__ | Pipeline selesai sampai Tahap 6 (Insight Generator)
2026-07-05 06:31:09 | INFO     | modules.ingestion.loader | Membaca dataset: data_kejadian.xlsx
2026-07-05 06:31:10 | INFO     | modules.ingestion.loader | Dataset dimuat: 73 baris, 36 kolom
2026-07-05 06:31:10 | INFO     | modules.ingestion.validator | Profil dataset: 73 baris, 36 kolom, dtype={'object': 32, 'datetime64[ns]': 3, 'float64': 1}
2026-07-05 06:31:10 | INFO     | modules.quality.report | Memulai Data Quality Assessment
2026-07-05 06:31:10 | INFO     | modules.quality.missing | Missing value: 4 kolom terdampak, 4 dianggap bermasalah
2026-07-05 06:31:10 | INFO     | modules.quality.duplicate | Duplikasi baris penuh: 0 baris
2026-07-05 06:31:10 | WARNING  | modules.quality.consistency | Kolom 'desa': 10 grup nilai tidak konsisten
2026-07-05 06:31:10 | WARNING  | modules.quality.coordinate | Kolom latitude/longitude tidak ditemukan
2026-07-05 06:31:10 | INFO     | modules.quality.report | Data Quality Score: 46.65/100
2026-07-05 06:31:10 | INFO     | modules.quality.report | Data Quality Report disimpan: E:\PROJECT\BPBD\data_analytics\outputs\reports\data_quality_report.json
2026-07-05 06:31:10 | INFO     | __main__ | Pipeline selesai sampai Tahap 2 (Data Quality Assessment)
2026-07-05 06:31:10 | INFO     | modules.preprocessing.cleaner | Memulai Data Cleaning
2026-07-05 06:31:10 | INFO     | modules.preprocessing.cleaner | Trim whitespace diterapkan pada 32 kolom object
2026-07-05 06:31:10 | INFO     | modules.preprocessing.cleaner | Missing token generik dikonversi ke NaN: 306 sel
2026-07-05 06:31:10 | INFO     | modules.preprocessing.cleaner | Kolom 'desa': 23 variant dipetakan ke bentuk kanonik
2026-07-05 06:31:10 | INFO     | modules.preprocessing.cleaner | Data Cleaning selesai
2026-07-05 06:31:10 | INFO     | modules.preprocessing.transformer | Memulai Data Transformation
2026-07-05 06:31:10 | INFO     | modules.preprocessing.transformer | Parsing koordinat selesai: {'ok_decimal_sign_corrected': 56, 'ok_dms': 10, 'multi_point_first_used': 4, 'missing': 1, 'unparseable_invalid_range': 1, 'multi_point_first_used_sign_corrected': 1}
2026-07-05 06:31:10 | WARNING  | modules.preprocessing.transformer | 1 baris koordinat gagal diparsing, perlu verifikasi manual
2026-07-05 06:31:10 | INFO     | modules.preprocessing.transformer | Kombinasi datetime kejadian/pelaporan selesai
2026-07-05 06:31:10 | INFO     | modules.preprocessing.transformer | Data Transformation selesai
2026-07-05 06:31:10 | INFO     | modules.preprocessing.feature_engineering | Memulai Feature Engineering
2026-07-05 06:31:10 | WARNING  | modules.preprocessing.feature_engineering | Ekstraksi angka gagal pada 4/73 baris kolom 'rumah_rusak_sedang' (narasi tidak diawali angka) -- diperlakukan sebagai NaN, bukan 0
2026-07-05 06:31:10 | WARNING  | modules.preprocessing.feature_engineering | Ekstraksi angka gagal pada 3/73 baris kolom 'rumah_rusak_ringan' (narasi tidak diawali angka) -- diperlakukan sebagai NaN, bukan 0
2026-07-05 06:31:10 | INFO     | modules.preprocessing.feature_engineering | Feature Engineering selesai
2026-07-05 06:31:11 | INFO     | __main__ | Clean Dataset disimpan: E:\PROJECT\BPBD\data_analytics\data\processed\clean_dataset.csv
2026-07-05 06:31:11 | INFO     | __main__ | Pipeline selesai sampai Tahap 3 (Data Preprocessing)
2026-07-05 06:31:11 | INFO     | modules.analysis.temporal | Analisis temporal selesai: 4 ringkasan dihasilkan
2026-07-05 06:31:11 | INFO     | modules.analysis.spatial | Analisis spasial selesai: valid_coordinate_ratio=90.41%
2026-07-05 06:31:11 | INFO     | modules.analysis.disaster | Analisis bencana selesai: jenis dominan = 'ANGIN KENCANG'
2026-07-05 06:31:11 | INFO     | modules.analysis.impact | Analisis dampak selesai
2026-07-05 06:31:11 | INFO     | modules.analysis.operational | Analisis operasional selesai: completion_ratio=80.82%
2026-07-05 06:31:11 | INFO     | __main__ | Pipeline selesai sampai Tahap 4 (Exploratory Data Analysis)
2026-07-05 06:31:11 | INFO     | modules.analysis.statistics | Memulai Statistical Analysis
2026-07-05 06:31:11 | INFO     | modules.analysis.statistics | Statistical Analysis selesai
2026-07-05 06:31:11 | INFO     | modules.analysis.statistics | Statistical Report disimpan: E:\PROJECT\BPBD\data_analytics\outputs\reports\statistical_report.json
2026-07-05 06:31:11 | INFO     | __main__ | Pipeline selesai sampai Tahap 5 (Statistical Analysis)
2026-07-05 06:31:11 | INFO     | modules.insight.generator | Memulai Insight Generation
2026-07-05 06:31:11 | INFO     | modules.insight.generator | Insight Generation selesai: 10 insight dihasilkan
2026-07-05 06:31:11 | INFO     | modules.insight.generator | Insight Report disimpan: E:\PROJECT\BPBD\data_analytics\outputs\reports\insight_report.json
2026-07-05 06:31:11 | INFO     | __main__ | Pipeline selesai sampai Tahap 6 (Insight Generator)
2026-07-05 06:31:11 | INFO     | modules.visualization.charts | Memulai pembuatan chart
2026-07-05 06:31:13 | INFO     | modules.visualization.charts | Pembuatan chart selesai: 6 chart dihasilkan
2026-07-05 06:31:13 | INFO     | modules.visualization.maps | Peta kejadian dibuat: 66/73 baris memiliki koordinat valid
2026-07-05 06:31:14 | INFO     | modules.visualization.export | Chart 'chart_jenis_bencana' disimpan: E:\PROJECT\BPBD\data_analytics\outputs\figures\chart_jenis_bencana.html
2026-07-05 06:31:14 | INFO     | modules.visualization.export | Chart 'chart_kecamatan' disimpan: E:\PROJECT\BPBD\data_analytics\outputs\figures\chart_kecamatan.html
2026-07-05 06:31:15 | INFO     | modules.visualization.export | Chart 'chart_yearly_trend' disimpan: E:\PROJECT\BPBD\data_analytics\outputs\figures\chart_yearly_trend.html
2026-07-05 06:31:15 | INFO     | modules.visualization.export | Chart 'chart_monthly_trend' disimpan: E:\PROJECT\BPBD\data_analytics\outputs\figures\chart_monthly_trend.html
2026-07-05 06:31:15 | INFO     | modules.visualization.export | Chart 'chart_correlation_heatmap' disimpan: E:\PROJECT\BPBD\data_analytics\outputs\figures\chart_correlation_heatmap.html
2026-07-05 06:31:15 | INFO     | modules.visualization.export | Chart 'chart_insight_summary' disimpan: E:\PROJECT\BPBD\data_analytics\outputs\figures\chart_insight_summary.html
2026-07-05 06:31:15 | INFO     | modules.visualization.export | Peta kejadian disimpan: E:\PROJECT\BPBD\data_analytics\outputs\figures\disaster_map.html
2026-07-05 06:31:15 | INFO     | __main__ | Pipeline selesai sampai Tahap 7 (Visualization Engine)
2026-07-05 06:42:09 | INFO     | modules.ingestion.loader | Membaca dataset: data_kejadian.xlsx
2026-07-05 06:42:10 | INFO     | modules.ingestion.loader | Dataset dimuat: 73 baris, 36 kolom
2026-07-05 06:42:10 | INFO     | __main__ | Tahap 1 (Data Understanding)
2026-07-05 06:42:10 | INFO     | modules.ingestion.validator | Profil dataset: 73 baris, 36 kolom, dtype={'object': 32, 'datetime64[ns]': 3, 'float64': 1}
2026-07-05 06:42:10 | INFO     | modules.quality.report | Memulai Data Quality Assessment
2026-07-05 06:42:10 | INFO     | modules.quality.missing | Missing value: 4 kolom terdampak, 4 dianggap bermasalah
2026-07-05 06:42:10 | INFO     | modules.quality.duplicate | Duplikasi baris penuh: 0 baris
2026-07-05 06:42:10 | WARNING  | modules.quality.consistency | Kolom 'desa': 10 grup nilai tidak konsisten
2026-07-05 06:42:10 | WARNING  | modules.quality.coordinate | Kolom latitude/longitude tidak ditemukan
2026-07-05 06:42:10 | INFO     | modules.quality.report | Data Quality Score: 46.65/100
2026-07-05 06:42:10 | INFO     | modules.quality.report | Data Quality Report disimpan: E:\PROJECT\BPBD\data_analytics\outputs\reports\data_quality_report.json
2026-07-05 06:42:10 | INFO     | __main__ | Tahap 2 (Data Quality Assessment)
2026-07-05 06:42:10 | INFO     | modules.preprocessing.cleaner | Memulai Data Cleaning
2026-07-05 06:42:10 | INFO     | modules.preprocessing.cleaner | Trim whitespace diterapkan pada 32 kolom object
2026-07-05 06:42:10 | INFO     | modules.preprocessing.cleaner | Missing token generik dikonversi ke NaN: 306 sel
2026-07-05 06:42:10 | INFO     | modules.preprocessing.cleaner | Kolom 'desa': 23 variant dipetakan ke bentuk kanonik
2026-07-05 06:42:10 | INFO     | modules.preprocessing.cleaner | Data Cleaning selesai
2026-07-05 06:42:10 | INFO     | modules.preprocessing.transformer | Memulai Data Transformation
2026-07-05 06:42:10 | INFO     | modules.preprocessing.transformer | Parsing koordinat selesai: {'ok_decimal_sign_corrected': 56, 'ok_dms': 10, 'multi_point_first_used': 4, 'missing': 1, 'unparseable_invalid_range': 1, 'multi_point_first_used_sign_corrected': 1}
2026-07-05 06:42:10 | WARNING  | modules.preprocessing.transformer | 1 baris koordinat gagal diparsing, perlu verifikasi manual
2026-07-05 06:42:10 | INFO     | modules.preprocessing.transformer | Kombinasi datetime kejadian/pelaporan selesai
2026-07-05 06:42:10 | INFO     | modules.preprocessing.transformer | Data Transformation selesai
2026-07-05 06:42:10 | INFO     | modules.preprocessing.feature_engineering | Memulai Feature Engineering
2026-07-05 06:42:10 | WARNING  | modules.preprocessing.feature_engineering | Ekstraksi angka gagal pada 4/73 baris kolom 'rumah_rusak_sedang' (narasi tidak diawali angka) -- diperlakukan sebagai NaN, bukan 0
2026-07-05 06:42:10 | WARNING  | modules.preprocessing.feature_engineering | Ekstraksi angka gagal pada 3/73 baris kolom 'rumah_rusak_ringan' (narasi tidak diawali angka) -- diperlakukan sebagai NaN, bukan 0
2026-07-05 06:42:10 | INFO     | modules.preprocessing.feature_engineering | Feature Engineering selesai
2026-07-05 06:42:10 | INFO     | __main__ | Clean Dataset disimpan: E:\PROJECT\BPBD\data_analytics\data\processed\clean_dataset.csv
2026-07-05 06:42:10 | INFO     | __main__ | Tahap 3 (Data Preprocessing)
2026-07-05 06:42:11 | INFO     | modules.analysis.temporal | Analisis temporal selesai: 4 ringkasan dihasilkan
2026-07-05 06:42:11 | INFO     | modules.analysis.spatial | Analisis spasial selesai: valid_coordinate_ratio=90.41%
2026-07-05 06:42:11 | INFO     | modules.analysis.disaster | Analisis bencana selesai: jenis dominan = 'ANGIN KENCANG'
2026-07-05 06:42:11 | INFO     | modules.analysis.impact | Analisis dampak selesai
2026-07-05 06:42:11 | INFO     | modules.analysis.operational | Analisis operasional selesai: completion_ratio=80.82%
2026-07-05 06:42:11 | INFO     | __main__ | Tahap 4 (Exploratory Data Analysis)
2026-07-05 06:42:11 | INFO     | modules.analysis.statistics | Memulai Statistical Analysis
2026-07-05 06:42:11 | INFO     | modules.analysis.statistics | Statistical Analysis selesai
2026-07-05 06:42:11 | INFO     | modules.analysis.statistics | Statistical Report disimpan: E:\PROJECT\BPBD\data_analytics\outputs\reports\statistical_report.json
2026-07-05 06:42:11 | INFO     | __main__ | Tahap 5 (Statistical Analysis)
2026-07-05 06:42:11 | INFO     | modules.insight.generator | Memulai Insight Generation
2026-07-05 06:42:11 | INFO     | modules.insight.generator | Insight Generation selesai: 10 insight dihasilkan
2026-07-05 06:42:11 | INFO     | modules.insight.generator | Insight Report disimpan: E:\PROJECT\BPBD\data_analytics\outputs\reports\insight_report.json
2026-07-05 06:42:11 | INFO     | __main__ | Tahap 6 (Insight Generator)
2026-07-05 06:42:11 | INFO     | modules.visualization.charts | Memulai pembuatan chart
2026-07-05 06:42:11 | INFO     | modules.visualization.charts | Pembuatan chart selesai: 6 chart dihasilkan
2026-07-05 06:42:11 | INFO     | modules.visualization.maps | Peta kejadian dibuat: 66/73 baris memiliki koordinat valid
2026-07-05 06:42:11 | INFO     | modules.visualization.export | Chart 'chart_jenis_bencana' disimpan: E:\PROJECT\BPBD\data_analytics\outputs\figures\chart_jenis_bencana.html
2026-07-05 06:42:11 | INFO     | modules.visualization.export | Chart 'chart_kecamatan' disimpan: E:\PROJECT\BPBD\data_analytics\outputs\figures\chart_kecamatan.html
2026-07-05 06:42:11 | INFO     | modules.visualization.export | Chart 'chart_yearly_trend' disimpan: E:\PROJECT\BPBD\data_analytics\outputs\figures\chart_yearly_trend.html
2026-07-05 06:42:11 | INFO     | modules.visualization.export | Chart 'chart_monthly_trend' disimpan: E:\PROJECT\BPBD\data_analytics\outputs\figures\chart_monthly_trend.html
2026-07-05 06:42:11 | INFO     | modules.visualization.export | Chart 'chart_correlation_heatmap' disimpan: E:\PROJECT\BPBD\data_analytics\outputs\figures\chart_correlation_heatmap.html
2026-07-05 06:42:11 | INFO     | modules.visualization.export | Chart 'chart_insight_summary' disimpan: E:\PROJECT\BPBD\data_analytics\outputs\figures\chart_insight_summary.html
2026-07-05 06:42:12 | INFO     | modules.visualization.export | Peta kejadian disimpan: E:\PROJECT\BPBD\data_analytics\outputs\figures\disaster_map.html
2026-07-05 06:42:12 | INFO     | __main__ | Tahap 7 (Visualization Engine)
2026-07-05 07:20:18 | INFO     | modules.ingestion.loader | Membaca dataset: data_kejadian.xlsx
2026-07-05 07:20:19 | INFO     | modules.ingestion.loader | Dataset dimuat: 73 baris, 36 kolom
2026-07-05 07:20:19 | INFO     | __main__ | Tahap 1 (Data Understanding)
2026-07-05 07:20:19 | INFO     | modules.ingestion.validator | Profil dataset: 73 baris, 36 kolom, dtype={'object': 32, 'datetime64[ns]': 3, 'float64': 1}
2026-07-05 07:20:19 | INFO     | modules.quality.report | Memulai Data Quality Assessment
2026-07-05 07:20:19 | INFO     | modules.quality.missing | Missing value: 4 kolom terdampak, 3 dianggap bermasalah
2026-07-05 07:20:19 | INFO     | modules.quality.duplicate | Duplikasi baris penuh: 0 baris
2026-07-05 07:20:19 | WARNING  | modules.quality.consistency | Kolom 'desa': 10 grup nilai tidak konsisten
2026-07-05 07:20:19 | WARNING  | modules.quality.coordinate | Kolom latitude/longitude tidak ditemukan
2026-07-05 07:20:19 | INFO     | modules.quality.report | Data Quality Score: 51.99/100
2026-07-05 07:20:19 | INFO     | modules.quality.report | Data Quality Report disimpan: E:\PROJECT\BPBD\data_analytics\outputs\reports\data_quality_report.json
2026-07-05 07:20:19 | INFO     | __main__ | Tahap 2 (Data Quality Assessment)
2026-07-05 07:20:19 | INFO     | modules.preprocessing.cleaner | Memulai Data Cleaning
2026-07-05 07:20:19 | INFO     | modules.preprocessing.cleaner | Trim whitespace diterapkan pada 32 kolom object
2026-07-05 07:20:19 | INFO     | modules.preprocessing.cleaner | Missing token generik dikonversi ke NaN: 306 sel
2026-07-05 07:20:19 | INFO     | modules.preprocessing.cleaner | Kolom 'desa': 23 variant dipetakan ke bentuk kanonik
2026-07-05 07:20:19 | INFO     | modules.preprocessing.cleaner | Data Cleaning selesai
2026-07-05 07:20:19 | INFO     | modules.preprocessing.transformer | Memulai Data Transformation
2026-07-05 07:20:19 | INFO     | modules.preprocessing.transformer | Parsing koordinat selesai: {'ok_decimal_sign_corrected': 56, 'ok_dms': 10, 'multi_point_first_used': 4, 'missing': 1, 'unparseable_invalid_range': 1, 'multi_point_first_used_sign_corrected': 1}
2026-07-05 07:20:19 | WARNING  | modules.preprocessing.transformer | 1 baris koordinat gagal diparsing, perlu verifikasi manual
2026-07-05 07:20:19 | INFO     | modules.preprocessing.transformer | Kombinasi datetime kejadian/pelaporan selesai
2026-07-05 07:20:19 | INFO     | modules.preprocessing.transformer | Data Transformation selesai
2026-07-05 07:20:19 | INFO     | modules.preprocessing.feature_engineering | Memulai Feature Engineering
2026-07-05 07:20:19 | WARNING  | modules.preprocessing.feature_engineering | Ekstraksi angka gagal pada 4/73 baris kolom 'rumah_rusak_sedang' (narasi tidak diawali angka) -- diperlakukan sebagai NaN, bukan 0
2026-07-05 07:20:19 | WARNING  | modules.preprocessing.feature_engineering | Ekstraksi angka gagal pada 3/73 baris kolom 'rumah_rusak_ringan' (narasi tidak diawali angka) -- diperlakukan sebagai NaN, bukan 0
2026-07-05 07:20:19 | WARNING  | modules.preprocessing.feature_engineering | Ekstraksi angka gagal pada 3/73 baris kolom 'pengungsi' (narasi tidak diawali angka) -- diperlakukan sebagai NaN, bukan 0
2026-07-05 07:20:19 | INFO     | modules.preprocessing.feature_engineering | Feature Engineering selesai
2026-07-05 07:20:19 | INFO     | __main__ | Clean Dataset disimpan: E:\PROJECT\BPBD\data_analytics\data\processed\clean_dataset.csv
2026-07-05 07:20:19 | INFO     | __main__ | Tahap 3 (Data Preprocessing)
2026-07-05 07:20:19 | INFO     | modules.analysis.eda_report | Memulai Exploratory Data Analysis
2026-07-05 07:20:19 | INFO     | modules.analysis.temporal | Analisis temporal selesai: 4 ringkasan dihasilkan
2026-07-05 07:20:19 | INFO     | modules.analysis.spatial | Analisis spasial selesai: valid_coordinate_ratio=90.41%
2026-07-05 07:20:19 | INFO     | modules.analysis.disaster | Analisis bencana selesai: jenis dominan = 'ANGIN KENCANG'
2026-07-05 07:20:19 | INFO     | modules.analysis.impact | Analisis dampak selesai
2026-07-05 07:20:19 | INFO     | modules.analysis.operational | Analisis operasional selesai: completion_ratio=80.82%
2026-07-05 07:20:19 | INFO     | modules.analysis.eda_report | Exploratory Data Analysis selesai
2026-07-05 07:20:19 | INFO     | modules.analysis.eda_report | EDA Report disimpan: E:\PROJECT\BPBD\data_analytics\outputs\reports\eda_report.json
2026-07-05 07:20:19 | INFO     | __main__ | Tahap 4 (Exploratory Data Analysis)
2026-07-05 07:20:19 | INFO     | modules.analysis.statistics | Memulai Statistical Analysis
2026-07-05 07:20:20 | INFO     | modules.analysis.statistics | Statistical Analysis selesai
2026-07-05 07:20:20 | INFO     | modules.analysis.statistics | Statistical Report disimpan: E:\PROJECT\BPBD\data_analytics\outputs\reports\statistical_report.json
2026-07-05 07:20:20 | INFO     | __main__ | Tahap 5 (Statistical Analysis)
2026-07-05 07:20:20 | INFO     | modules.insight.generator | Memulai Insight Generation
2026-07-05 07:20:20 | INFO     | modules.insight.generator | Insight Generation selesai: 10 insight dihasilkan
2026-07-05 07:20:20 | INFO     | modules.insight.generator | Insight Report disimpan: E:\PROJECT\BPBD\data_analytics\outputs\reports\insight_report.json
2026-07-05 07:20:20 | INFO     | __main__ | Tahap 6 (Insight Generator)
2026-07-05 07:20:20 | INFO     | modules.visualization.charts | Memulai pembuatan chart
2026-07-05 07:20:20 | INFO     | modules.visualization.charts | Pembuatan chart selesai: 6 chart dihasilkan
2026-07-05 07:20:20 | INFO     | modules.visualization.maps | Peta kejadian dibuat: 66/73 baris memiliki koordinat valid
2026-07-05 07:20:20 | INFO     | modules.visualization.export | Chart 'chart_jenis_bencana' disimpan: E:\PROJECT\BPBD\data_analytics\outputs\figures\chart_jenis_bencana.html
2026-07-05 07:20:20 | INFO     | modules.visualization.export | Chart 'chart_kecamatan' disimpan: E:\PROJECT\BPBD\data_analytics\outputs\figures\chart_kecamatan.html
2026-07-05 07:20:20 | INFO     | modules.visualization.export | Chart 'chart_yearly_trend' disimpan: E:\PROJECT\BPBD\data_analytics\outputs\figures\chart_yearly_trend.html
2026-07-05 07:20:20 | INFO     | modules.visualization.export | Chart 'chart_monthly_trend' disimpan: E:\PROJECT\BPBD\data_analytics\outputs\figures\chart_monthly_trend.html
2026-07-05 07:20:20 | INFO     | modules.visualization.export | Chart 'chart_correlation_heatmap' disimpan: E:\PROJECT\BPBD\data_analytics\outputs\figures\chart_correlation_heatmap.html
2026-07-05 07:20:20 | INFO     | modules.visualization.export | Chart 'chart_insight_summary' disimpan: E:\PROJECT\BPBD\data_analytics\outputs\figures\chart_insight_summary.html
2026-07-05 07:20:20 | INFO     | modules.visualization.export | Peta kejadian disimpan: E:\PROJECT\BPBD\data_analytics\outputs\figures\disaster_map.html
2026-07-05 07:20:20 | INFO     | __main__ | Tahap 7 (Visualization Engine)
2026-07-05 07:20:20 | INFO     | modules.visualization.dashboard | Memulai Dashboard Integration
2026-07-05 07:20:21 | INFO     | modules.visualization.dashboard | Dashboard disimpan: E:\PROJECT\BPBD\data_analytics\outputs\dashboard\index.html
2026-07-05 07:20:21 | INFO     | __main__ | Tahap 8 (Dashboard Integration)
2026-07-05 07:26:44 | INFO     | modules.ingestion.loader | Membaca dataset: data_kejadian.xlsx
2026-07-05 07:26:44 | INFO     | modules.ingestion.loader | Dataset dimuat: 73 baris, 36 kolom
2026-07-05 07:26:44 | INFO     | __main__ | Tahap 1 (Data Understanding)
2026-07-05 07:26:44 | INFO     | modules.ingestion.validator | Profil dataset: 73 baris, 36 kolom, dtype={'object': 32, 'datetime64[ns]': 3, 'float64': 1}
2026-07-05 07:26:44 | INFO     | modules.quality.report | Memulai Data Quality Assessment
2026-07-05 07:26:44 | INFO     | modules.quality.missing | Missing value: 4 kolom terdampak, 3 dianggap bermasalah
2026-07-05 07:26:44 | INFO     | modules.quality.duplicate | Duplikasi baris penuh: 0 baris
2026-07-05 07:26:44 | WARNING  | modules.quality.consistency | Kolom 'desa': 10 grup nilai tidak konsisten
2026-07-05 07:26:44 | WARNING  | modules.quality.coordinate | Kolom latitude/longitude tidak ditemukan
2026-07-05 07:26:44 | INFO     | modules.quality.report | Data Quality Score: 51.99/100
2026-07-05 07:26:44 | INFO     | modules.quality.report | Data Quality Report disimpan: E:\PROJECT\BPBD\data_analytics\outputs\reports\data_quality_report.json
2026-07-05 07:26:44 | INFO     | __main__ | Tahap 2 (Data Quality Assessment)
2026-07-05 07:26:44 | INFO     | modules.preprocessing.cleaner | Memulai Data Cleaning
2026-07-05 07:26:44 | INFO     | modules.preprocessing.cleaner | Trim whitespace diterapkan pada 32 kolom object
2026-07-05 07:26:44 | INFO     | modules.preprocessing.cleaner | Missing token generik dikonversi ke NaN: 306 sel
2026-07-05 07:26:44 | INFO     | modules.preprocessing.cleaner | Kolom 'desa': 23 variant dipetakan ke bentuk kanonik
2026-07-05 07:26:44 | INFO     | modules.preprocessing.cleaner | Data Cleaning selesai
2026-07-05 07:26:44 | INFO     | modules.preprocessing.transformer | Memulai Data Transformation
2026-07-05 07:26:44 | INFO     | modules.preprocessing.transformer | Parsing koordinat selesai: {'ok_decimal_sign_corrected': 56, 'ok_dms': 10, 'multi_point_first_used': 4, 'missing': 1, 'unparseable_invalid_range': 1, 'multi_point_first_used_sign_corrected': 1}
2026-07-05 07:26:44 | WARNING  | modules.preprocessing.transformer | 1 baris koordinat gagal diparsing, perlu verifikasi manual
2026-07-05 07:26:44 | INFO     | modules.preprocessing.transformer | Kombinasi datetime kejadian/pelaporan selesai
2026-07-05 07:26:44 | INFO     | modules.preprocessing.transformer | Data Transformation selesai
2026-07-05 07:26:44 | INFO     | modules.preprocessing.feature_engineering | Memulai Feature Engineering
2026-07-05 07:26:44 | WARNING  | modules.preprocessing.feature_engineering | Ekstraksi angka gagal pada 4/73 baris kolom 'rumah_rusak_sedang' (narasi tidak diawali angka) -- diperlakukan sebagai NaN, bukan 0
2026-07-05 07:26:44 | WARNING  | modules.preprocessing.feature_engineering | Ekstraksi angka gagal pada 3/73 baris kolom 'rumah_rusak_ringan' (narasi tidak diawali angka) -- diperlakukan sebagai NaN, bukan 0
2026-07-05 07:26:44 | WARNING  | modules.preprocessing.feature_engineering | Ekstraksi angka gagal pada 3/73 baris kolom 'pengungsi' (narasi tidak diawali angka) -- diperlakukan sebagai NaN, bukan 0
2026-07-05 07:26:44 | INFO     | modules.preprocessing.feature_engineering | Feature Engineering selesai
2026-07-05 07:26:44 | INFO     | __main__ | Clean Dataset disimpan: E:\PROJECT\BPBD\data_analytics\data\processed\clean_dataset.csv
2026-07-05 07:26:44 | INFO     | __main__ | Tahap 3 (Data Preprocessing)
2026-07-05 07:26:44 | INFO     | modules.analysis.eda_report | Memulai Exploratory Data Analysis
2026-07-05 07:26:44 | INFO     | modules.analysis.temporal | Analisis temporal selesai: 4 ringkasan dihasilkan
2026-07-05 07:26:44 | INFO     | modules.analysis.spatial | Analisis spasial selesai: valid_coordinate_ratio=90.41%
2026-07-05 07:26:44 | INFO     | modules.analysis.disaster | Analisis bencana selesai: jenis dominan = 'ANGIN KENCANG'
2026-07-05 07:26:44 | INFO     | modules.analysis.impact | Analisis dampak selesai
2026-07-05 07:26:44 | INFO     | modules.analysis.operational | Analisis operasional selesai: completion_ratio=80.82%
2026-07-05 07:26:44 | INFO     | modules.analysis.eda_report | Exploratory Data Analysis selesai
2026-07-05 07:26:44 | INFO     | modules.analysis.eda_report | EDA Report disimpan: E:\PROJECT\BPBD\data_analytics\outputs\reports\eda_report.json
2026-07-05 07:26:44 | INFO     | __main__ | Tahap 4 (Exploratory Data Analysis)
2026-07-05 07:26:44 | INFO     | modules.analysis.statistics | Memulai Statistical Analysis
2026-07-05 07:26:45 | INFO     | modules.analysis.statistics | Statistical Analysis selesai
2026-07-05 07:26:45 | INFO     | modules.analysis.statistics | Statistical Report disimpan: E:\PROJECT\BPBD\data_analytics\outputs\reports\statistical_report.json
2026-07-05 07:26:45 | INFO     | __main__ | Tahap 5 (Statistical Analysis)
2026-07-05 07:26:45 | INFO     | modules.insight.generator | Memulai Insight Generation
2026-07-05 07:26:45 | INFO     | modules.insight.generator | Insight Generation selesai: 10 insight dihasilkan
2026-07-05 07:26:45 | INFO     | modules.insight.generator | Insight Report disimpan: E:\PROJECT\BPBD\data_analytics\outputs\reports\insight_report.json
2026-07-05 07:26:45 | INFO     | __main__ | Tahap 6 (Insight Generator)
2026-07-05 07:26:45 | INFO     | modules.visualization.charts | Memulai pembuatan chart
2026-07-05 07:26:45 | INFO     | modules.visualization.charts | Pembuatan chart selesai: 6 chart dihasilkan
2026-07-05 07:26:45 | INFO     | modules.visualization.maps | Peta kejadian dibuat: 66/73 baris memiliki koordinat valid
2026-07-05 07:26:45 | INFO     | modules.visualization.export | Chart 'chart_jenis_bencana' disimpan: E:\PROJECT\BPBD\data_analytics\outputs\figures\chart_jenis_bencana.html
2026-07-05 07:26:45 | INFO     | modules.visualization.export | Chart 'chart_kecamatan' disimpan: E:\PROJECT\BPBD\data_analytics\outputs\figures\chart_kecamatan.html
2026-07-05 07:26:45 | INFO     | modules.visualization.export | Chart 'chart_yearly_trend' disimpan: E:\PROJECT\BPBD\data_analytics\outputs\figures\chart_yearly_trend.html
2026-07-05 07:26:45 | INFO     | modules.visualization.export | Chart 'chart_monthly_trend' disimpan: E:\PROJECT\BPBD\data_analytics\outputs\figures\chart_monthly_trend.html
2026-07-05 07:26:45 | INFO     | modules.visualization.export | Chart 'chart_correlation_heatmap' disimpan: E:\PROJECT\BPBD\data_analytics\outputs\figures\chart_correlation_heatmap.html
2026-07-05 07:26:45 | INFO     | modules.visualization.export | Chart 'chart_insight_summary' disimpan: E:\PROJECT\BPBD\data_analytics\outputs\figures\chart_insight_summary.html
2026-07-05 07:26:46 | INFO     | modules.visualization.export | Peta kejadian disimpan: E:\PROJECT\BPBD\data_analytics\outputs\figures\disaster_map.html
2026-07-05 07:26:46 | INFO     | __main__ | Tahap 7 (Visualization Engine)
2026-07-05 07:26:46 | INFO     | modules.visualization.dashboard | Memulai Dashboard Integration
2026-07-05 07:26:46 | INFO     | modules.visualization.dashboard | Dashboard disimpan: E:\PROJECT\BPBD\data_analytics\outputs\dashboard\index.html
2026-07-05 07:26:46 | INFO     | __main__ | Tahap 8 (Dashboard Integration)
